Archive member included to satisfy reference by file (symbol)

C:/Program Files/SEGGER/SEGGER Embedded Studio for ARM 6.32a/lib/libc_v7em_fpv4_sp_d16_hard_t_le_eabi_balanced.a(mbops.o)
                              Output/Debug/Obj/twi_sensor_pca10056/nrf_log_str_formatter.o (isprint)
C:/Program Files/SEGGER/SEGGER Embedded Studio for ARM 6.32a/lib/libc_v7em_fpv4_sp_d16_hard_t_le_eabi_balanced.a(sortops.o)
                              C:/Program Files/SEGGER/SEGGER Embedded Studio for ARM 6.32a/lib/libc_v7em_fpv4_sp_d16_hard_t_le_eabi_balanced.a(mbops.o) (bsearch)
C:/Program Files/SEGGER/SEGGER Embedded Studio for ARM 6.32a/lib/libc_v7em_fpv4_sp_d16_hard_t_le_eabi_balanced.a(strasmops_arm.o)
                              Output/Debug/Obj/twi_sensor_pca10056/nrf_log_frontend.o (strlen)
C:/Program Files/SEGGER/SEGGER Embedded Studio for ARM 6.32a/lib/libc_v7em_fpv4_sp_d16_hard_t_le_eabi_balanced.a(strops.o)
                              C:/Program Files/SEGGER/SEGGER Embedded Studio for ARM 6.32a/lib/libc_v7em_fpv4_sp_d16_hard_t_le_eabi_balanced.a(mbops.o) (strcat)
C:/Program Files/SEGGER/SEGGER Embedded Studio for ARM 6.32a/lib/libc_v7em_fpv4_sp_d16_hard_t_le_eabi_balanced.a(timeops.o)
                              C:/Program Files/SEGGER/SEGGER Embedded Studio for ARM 6.32a/lib/libc_v7em_fpv4_sp_d16_hard_t_le_eabi_balanced.a(mbops.o) (__SEGGER_RTL_string_list_encode)
C:/Program Files/SEGGER/SEGGER Embedded Studio for ARM 6.32a/lib/libc_v7em_fpv4_sp_d16_hard_t_le_eabi_balanced.a(__SEGGER_RTL_vfprintf_long.o)
                              (__SEGGER_RTL_vfprintf_long)
C:/Program Files/SEGGER/SEGGER Embedded Studio for ARM 6.32a/lib/libc_v7em_fpv4_sp_d16_hard_t_le_eabi_balanced.a(__SEGGER_RTL_vfscanf_long.o)
                              (__SEGGER_RTL_vfscanf_long)
C:/Program Files/SEGGER/SEGGER Embedded Studio for ARM 6.32a/lib/libc_v7em_fpv4_sp_d16_hard_t_le_eabi_balanced.a(errno.o)
                              C:/Program Files/SEGGER/SEGGER Embedded Studio for ARM 6.32a/lib/libc_v7em_fpv4_sp_d16_hard_t_le_eabi_balanced.a(mbops.o) (__aeabi_errno_addr)
C:/Program Files/SEGGER/SEGGER Embedded Studio for ARM 6.32a/lib/libc_v7em_fpv4_sp_d16_hard_t_le_eabi_balanced.a(floatasmops_arm.o)
                              C:/Program Files/SEGGER/SEGGER Embedded Studio for ARM 6.32a/lib/libc_v7em_fpv4_sp_d16_hard_t_le_eabi_balanced.a(timeops.o) (__aeabi_i2d)
C:/Program Files/SEGGER/SEGGER Embedded Studio for ARM 6.32a/lib/libc_v7em_fpv4_sp_d16_hard_t_le_eabi_balanced.a(intasmops_arm.o)
                              C:/Program Files/SEGGER/SEGGER Embedded Studio for ARM 6.32a/lib/libc_v7em_fpv4_sp_d16_hard_t_le_eabi_balanced.a(__SEGGER_RTL_vfprintf_long.o) (__aeabi_uldivmod)
C:/Program Files/SEGGER/SEGGER Embedded Studio for ARM 6.32a/lib/libc_v7em_fpv4_sp_d16_hard_t_le_eabi_balanced.a(intops.o)
                              C:/Program Files/SEGGER/SEGGER Embedded Studio for ARM 6.32a/lib/libc_v7em_fpv4_sp_d16_hard_t_le_eabi_balanced.a(timeops.o) (div)
C:/Program Files/SEGGER/SEGGER Embedded Studio for ARM 6.32a/lib/libc_v7em_fpv4_sp_d16_hard_t_le_eabi_balanced.a(utilops.o)
                              C:/Program Files/SEGGER/SEGGER Embedded Studio for ARM 6.32a/lib/libc_v7em_fpv4_sp_d16_hard_t_le_eabi_balanced.a(__SEGGER_RTL_vfscanf_long.o) (__SEGGER_RTL_digit)
C:/Program Files/SEGGER/SEGGER Embedded Studio for ARM 6.32a/lib/libc_v7em_fpv4_sp_d16_hard_t_le_eabi_balanced.a(prinops.o)
                              C:/Program Files/SEGGER/SEGGER Embedded Studio for ARM 6.32a/lib/libc_v7em_fpv4_sp_d16_hard_t_le_eabi_balanced.a(__SEGGER_RTL_vfprintf_long.o) (__SEGGER_RTL_putc)
C:/Program Files/SEGGER/SEGGER Embedded Studio for ARM 6.32a/lib/libc_v7em_fpv4_sp_d16_hard_t_le_eabi_balanced.a(fileops.o)
                              C:/Program Files/SEGGER/SEGGER Embedded Studio for ARM 6.32a/lib/libc_v7em_fpv4_sp_d16_hard_t_le_eabi_balanced.a(prinops.o) (fwrite)
C:/Program Files/SEGGER/SEGGER Embedded Studio for ARM 6.32a/lib/heapops_basic_v7em_little.a(heapops_basic.o)
                              Output/Debug/Obj/twi_sensor_pca10056/thumb_crt0.o (__SEGGER_RTL_init_heap)
C:/Program Files/SEGGER/SEGGER Embedded Studio for ARM 6.32a/lib/heapops_disable_interrupts_locking_v7em_little.a(heapops.o)
                              C:/Program Files/SEGGER/SEGGER Embedded Studio for ARM 6.32a/lib/libc_v7em_fpv4_sp_d16_hard_t_le_eabi_balanced.a(mbops.o) (malloc)

Discarded input sections

 .text          0x0000000000000000        0x0 Output/Debug/Obj/twi_sensor_pca10056/thumb_crt0.o
 .data          0x0000000000000000        0x0 Output/Debug/Obj/twi_sensor_pca10056/thumb_crt0.o
 .bss           0x0000000000000000        0x0 Output/Debug/Obj/twi_sensor_pca10056/thumb_crt0.o
 .text.__aeabi_read_tp
                0x0000000000000000        0x8 Output/Debug/Obj/twi_sensor_pca10056/thumb_crt0.o
 .text.abort    0x0000000000000000        0x2 Output/Debug/Obj/twi_sensor_pca10056/thumb_crt0.o
 .text.__assert
[...]
Memory Configuration

Name             Origin             Length             Attributes
UNPLACED_SECTIONS 0x0000000100000000 0x0000000000000000 xw
RAM1             0x0000000020000000 0x0000000000040000 xw
FLASH1           0x0000000000000000 0x0000000000100000 xw
*default*        0x0000000000000000 0xffffffffffffffff

Linker script and memory map

                0x0000000000000000                __SEGGER_RTL_vfprintf = __SEGGER_RTL_vfprintf_long
                0x0000000000000000                __SEGGER_RTL_vfscanf = __SEGGER_RTL_vfscanf_long
                0x0000000020000000                __RAM1_segment_start__ = 0x20000000
                0x0000000020040000                __RAM1_segment_end__ = 0x20040000
                0x0000000000040000                __RAM1_segment_size__ = 0x40000
                0x0000000000000000                __FLASH1_segment_start__ = 0x0
                0x0000000000100000                __FLASH1_segment_end__ = 0x100000
                0x0000000000100000                __FLASH1_segment_size__ = 0x100000
                0x0000000000002000                __HEAPSIZE__ = 0x2000
                0x0000000000000000                __STACKSIZE_PROCESS__ = 0x0
                0x0000000000002000                __STACKSIZE__ = 0x2000
                0x0000000020000000                __vectors_ram_load_start__ = 0x20000000

.vectors_ram    0x0000000020000000        0x0
                0x0000000020000000                __vectors_ram_start__ = .
                0x0000000020000000                __app_ram_start__ = __vectors_ram_start__
 *(.vectors_ram .vectors_ram.*)
                0x0000000020000000                __vectors_ram_end__ = (__vectors_ram_start__ + SIZEOF (.vectors_ram))
                0x0000000000000000                __vectors_ram_size__ = SIZEOF (.vectors_ram)
                0x0000000020000000                __vectors_ram_load_end__ = __vectors_ram_end__
                0x0000000000000001                . = ASSERT (((__vectors_ram_start__ == __vectors_ram_end__) || ((__vectors_ram_end__ - __RAM1_segment_start__) <= __RAM1_segment_size__)), error: .vectors_ram is too large to fit in RAM1 memory segment)
                0x0000000020000000                __nrf_sections_run_load_start__ = ALIGN (__vectors_ram_end__, 0x4)

.nrf_sections_run
                0x0000000020000000        0x0
                0x0000000020000000                __nrf_sections_run_start__ = .
                0x0000000020000000                __start_nrf_sections_run = __nrf_sections_run_start__
 *(.nrf_sections_run .nrf_sections_run.*)
                0x0000000020000000                __nrf_sections_run_end__ = (__nrf_sections_run_start__ + SIZEOF (.nrf_sections_run))
                0x0000000000000000                __nrf_sections_run_size__ = SIZEOF (.nrf_sections_run)
                0x0000000020000000                __nrf_sections_run_load_end__ = __nrf_sections_run_end__
                0x0000000000000001                . = ASSERT (((__nrf_sections_run_start__ == __nrf_sections_run_end__) || ((__nrf_sections_run_end__ - __RAM1_segment_start__) <= __RAM1_segment_size__)), error: .nrf_sections_run is too large to fit in RAM1 memory segment)
                0x0000000000000000                __vectors_load_start__ = 0x0

.vectors        0x0000000000000000      0x200
                0x0000000000000000                __vectors_start__ = .
 *(.vectors .vectors.*)
 .vectors       0x0000000000000000      0x200 Output/Debug/Obj/twi_sensor_pca10056/ses_startup_nrf52840.o
                0x0000000000000000                _vectors
                0x0000000000000200                __vectors_end__ = (__vectors_start__ + SIZEOF (.vectors))
                0x0000000000000200                __vectors_size__ = SIZEOF (.vectors)
                0x0000000000000200                __vectors_load_end__ = __vectors_end__
                0x0000000000000001                . = ASSERT (((__vectors_start__ == __vectors_end__) || ((__vectors_end__ - __FLASH1_segment_start__) <= __FLASH1_segment_size__)), error: .vectors is too large to fit in FLASH1 memory segment)
                0x0000000000000200                __init_load_start__ = ALIGN (__vectors_end__, 0x4)

.init           0x0000000000000200      0x1cc
                0x0000000000000200                __init_start__ = .
 *(.init .init.*)
 .init          0x0000000000000200      0x158 Output/Debug/Obj/twi_sensor_pca10056/thumb_crt0.o
                0x0000000000000200                _start
                0x00000000000002ae                exit
 .init          0x0000000000000358       0x18 Output/Debug/Obj/twi_sensor_pca10056/ses_startup_nrf52840.o
                0x0000000000000358                NMI_Handler
                0x000000000000035a                HardFault_Handler
                0x000000000000035c                MemoryManagement_Handler
                0x000000000000035e                BusFault_Handler
                0x0000000000000360                UsageFault_Handler
                0x0000000000000362                SVC_Handler
                0x0000000000000364                DebugMon_Handler
                0x0000000000000366                PendSV_Handler
                0x000000000000036a                PWM1_IRQHandler
                0x000000000000036a                GPIOTE_IRQHandler
                0x000000000000036a                RTC0_IRQHandler
                0x000000000000036a                POWER_CLOCK_IRQHandler
                0x000000000000036a                RADIO_IRQHandler
                0x000000000000036a                PDM_IRQHandler
                0x000000000000036a                TEMP_IRQHandler
                0x000000000000036a                QDEC_IRQHandler
                0x000000000000036a                TIMER3_IRQHandler
                0x000000000000036a                PWM3_IRQHandler
                0x000000000000036a                FPU_IRQHandler
                0x000000000000036a                USBD_IRQHandler
                0x000000000000036a                QSPI_IRQHandler
                0x000000000000036a                TIMER4_IRQHandler
                0x000000000000036a                CRYPTOCELL_IRQHandler
                0x000000000000036a                SWI2_EGU2_IRQHandler
                0x000000000000036a                SWI4_EGU4_IRQHandler
                0x000000000000036a                TIMER0_IRQHandler
                0x000000000000036a                UARTE1_IRQHandler
                0x000000000000036a                Dummy_Handler
                0x000000000000036a                TIMER1_IRQHandler
                0x000000000000036a                SPIM3_IRQHandler
                0x000000000000036a                PWM2_IRQHandler
                0x000000000000036a                ECB_IRQHandler
                0x000000000000036a                SPIM1_SPIS1_TWIM1_TWIS1_SPI1_TWI1_IRQHandler
                0x000000000000036a                SAADC_IRQHandler
                0x000000000000036a                CCM_AAR_IRQHandler
                0x000000000000036a                WDT_IRQHandler
                0x000000000000036a                SWI0_EGU0_IRQHandler
                0x000000000000036a                SWI5_EGU5_IRQHandler
                0x000000000000036a                RNG_IRQHandler
                0x000000000000036a                RTC2_IRQHandler
                0x000000000000036a                PWM0_IRQHandler
                0x000000000000036a                SWI3_EGU3_IRQHandler
                0x000000000000036a                RTC1_IRQHandler
                0x000000000000036a                SWI1_EGU1_IRQHandler
                0x000000000000036a                SPIM2_SPIS2_SPI2_IRQHandler
                0x000000000000036a                NFCT_IRQHandler
                0x000000000000036a                I2S_IRQHandler
                0x000000000000036a                MWU_IRQHandler
                0x000000000000036a                TIMER2_IRQHandler
                0x000000000000036a                COMP_LPCOMP_IRQHandler
                0x000000000000036c                nRFInitialize
 .init          0x0000000000000370       0x5c Output/Debug/Obj/twi_sensor_pca10056/ses_startup_nrf_common.o
                0x0000000000000370                Reset_Handler
                0x0000000000000374                afterInitialize
                0x0000000000000398                InitializeUserMemorySections
                0x00000000000003cc                __init_end__ = (__init_start__ + SIZEOF (.init))
                0x00000000000001cc                __init_size__ = SIZEOF (.init)
                0x00000000000003cc                __init_load_end__ = __init_end__
                0x0000000000000001                . = ASSERT (((__init_start__ == __init_end__) || ((__init_end__ - __FLASH1_segment_start__) <= __FLASH1_segment_size__)), error: .init is too large to fit in FLASH1 memory segment)
                0x00000000000003cc                __init_rodata_load_start__ = ALIGN (__init_end__, 0x4)

.init_rodata    0x00000000000003cc        0x0
                0x00000000000003cc                __init_rodata_start__ = .
 *(.init_rodata .init_rodata.*)
                0x00000000000003cc                __init_rodata_end__ = (__init_rodata_start__ + SIZEOF (.init_rodata))
                0x0000000000000000                __init_rodata_size__ = SIZEOF (.init_rodata)
                0x00000000000003cc                __init_rodata_load_end__ = __init_rodata_end__
                0x0000000000000001                . = ASSERT (((__init_rodata_start__ == __init_rodata_end__) || ((__init_rodata_end__ - __FLASH1_segment_start__) <= __FLASH1_segment_size__)), error: .init_rodata is too large to fit in FLASH1 memory segment)
                0x00000000000003cc                __text_load_start__ = ALIGN (__init_rodata_end__, 0x4)

.text           0x00000000000003cc     0x69c4
                0x00000000000003cc                __text_start__ = .
 *(.text .text.* .gnu.linkonce.t.* .glue_7t .glue_7 .gcc_except_table .ARM.extab* .gnu.linkonce.armextab.*)
 .glue_7        0x00000000000003cc        0x0 linker stubs
 .glue_7t       0x00000000000003cc        0x0 linker stubs
 .text.nrf_log_backend_serial_put
                0x00000000000003cc      0x124 Output/Debug/Obj/twi_sensor_pca10056/nrf_log_backend_serial.o
                0x00000000000003cc                nrf_log_backend_serial_put
 .text.nrf_drv_uart_uninit
                0x00000000000004f0       0x44 Output/Debug/Obj/twi_sensor_pca10056/nrf_log_backend_uart.o
 .text.nrf_drv_uart_tx
                0x0000000000000534       0x64 Output/Debug/Obj/twi_sensor_pca10056/nrf_log_backend_uart.o
 .text.uart_evt_handler
                0x0000000000000598       0x18 Output/Debug/Obj/twi_sensor_pca10056/nrf_log_backend_uart.o
 .text.uart_init
                0x00000000000005b0       0x88 Output/Debug/Obj/twi_sensor_pca10056/nrf_log_backend_uart.o
 .text.nrf_log_backend_uart_init
                0x0000000000000638       0x1c Output/Debug/Obj/twi_sensor_pca10056/nrf_log_backend_uart.o
                0x0000000000000638                nrf_log_backend_uart_init
 .text.serial_tx
                0x0000000000000654       0x6c Output/Debug/Obj/twi_sensor_pca10056/nrf_log_backend_uart.o
 .text.nrf_log_backend_uart_put
                0x00000000000006c0       0x28 Output/Debug/Obj/twi_sensor_pca10056/nrf_log_backend_uart.o
 .text.nrf_log_backend_uart_flush
                0x00000000000006e8        0xa Output/Debug/Obj/twi_sensor_pca10056/nrf_log_backend_uart.o
 *fill*         0x00000000000006f2        0x2 
 .text.nrf_log_backend_uart_panic_set
                0x00000000000006f4       0x20 Output/Debug/Obj/twi_sensor_pca10056/nrf_log_backend_uart.o
 .text.nrf_log_backend_enable
                0x0000000000000714       0x12 Output/Debug/Obj/twi_sensor_pca10056/nrf_log_default_backends.o
 *fill*         0x0000000000000726        0x2 
 .text.nrf_log_default_backends_init
                0x0000000000000728       0x3c Output/Debug/Obj/twi_sensor_pca10056/nrf_log_default_backends.o
                0x0000000000000728                nrf_log_default_backends_init
 .text.nrf_log_backend_put
                0x0000000000000764       0x1c Output/Debug/Obj/twi_sensor_pca10056/nrf_log_frontend.o
 .text.nrf_log_backend_panic_set
                0x0000000000000780       0x18 Output/Debug/Obj/twi_sensor_pca10056/nrf_log_frontend.o
 .text.nrf_log_backend_flush
                0x0000000000000798       0x18 Output/Debug/Obj/twi_sensor_pca10056/nrf_log_frontend.o
 .text.nrf_log_backend_id_set
                0x00000000000007b0       0x1a Output/Debug/Obj/twi_sensor_pca10056/nrf_log_frontend.o
 .text.nrf_log_backend_id_get
                0x00000000000007ca       0x10 Output/Debug/Obj/twi_sensor_pca10056/nrf_log_frontend.o
 .text.nrf_log_backend_enable
                0x00000000000007da       0x12 Output/Debug/Obj/twi_sensor_pca10056/nrf_log_frontend.o
 .text.nrf_log_backend_is_enabled
                0x00000000000007ec       0x10 Output/Debug/Obj/twi_sensor_pca10056/nrf_log_frontend.o
 .text.nrf_log_init
                0x00000000000007fc       0x50 Output/Debug/Obj/twi_sensor_pca10056/nrf_log_frontend.o
                0x00000000000007fc                nrf_log_init
 .text.nrf_log_module_cnt_get
                0x000000000000084c       0x14 Output/Debug/Obj/twi_sensor_pca10056/nrf_log_frontend.o
                0x000000000000084c                nrf_log_module_cnt_get
 .text.module_idx_get
                0x0000000000000860       0x64 Output/Debug/Obj/twi_sensor_pca10056/nrf_log_frontend.o
 .text.nrf_log_module_name_get
                0x00000000000008c4       0x40 Output/Debug/Obj/twi_sensor_pca10056/nrf_log_frontend.o
                0x00000000000008c4                nrf_log_module_name_get
 .text.nrf_log_color_id_get
                0x0000000000000904       0x70 Output/Debug/Obj/twi_sensor_pca10056/nrf_log_frontend.o
                0x0000000000000904                nrf_log_color_id_get
 .text.invalid_packets_omit
                0x0000000000000974       0x6e Output/Debug/Obj/twi_sensor_pca10056/nrf_log_frontend.o
 *fill*         0x00000000000009e2        0x2 
 .text.log_skip
                0x00000000000009e4      0x118 Output/Debug/Obj/twi_sensor_pca10056/nrf_log_frontend.o
 .text.dropped_sat16_get
                0x0000000000000afc       0x28 Output/Debug/Obj/twi_sensor_pca10056/nrf_log_frontend.o
 .text.std_header_set
                0x0000000000000b24       0xb4 Output/Debug/Obj/twi_sensor_pca10056/nrf_log_frontend.o
 .text.log_pending_hook
                0x0000000000000bd8        0x4 Output/Debug/Obj/twi_sensor_pca10056/nrf_log_frontend.o
                0x0000000000000bd8                log_pending_hook
 .text.buf_prealloc
                0x0000000000000bdc      0x128 Output/Debug/Obj/twi_sensor_pca10056/nrf_log_frontend.o
 .text.std_n    0x0000000000000d04       0x98 Output/Debug/Obj/twi_sensor_pca10056/nrf_log_frontend.o
 .text.nrf_log_frontend_std_0
                0x0000000000000d9c       0x1c Output/Debug/Obj/twi_sensor_pca10056/nrf_log_frontend.o
                0x0000000000000d9c                nrf_log_frontend_std_0
 .text.nrf_log_frontend_std_1
                0x0000000000000db8       0x22 Output/Debug/Obj/twi_sensor_pca10056/nrf_log_frontend.o
                0x0000000000000db8                nrf_log_frontend_std_1
 .text.nrf_log_frontend_std_2
                0x0000000000000dda       0x28 Output/Debug/Obj/twi_sensor_pca10056/nrf_log_frontend.o
                0x0000000000000dda                nrf_log_frontend_std_2
 .text.nrf_log_frontend_std_5
                0x0000000000000e02       0x34 Output/Debug/Obj/twi_sensor_pca10056/nrf_log_frontend.o
                0x0000000000000e02                nrf_log_frontend_std_5
 *fill*         0x0000000000000e36        0x2 
 .text.buffer_is_empty
                0x0000000000000e38       0x1c Output/Debug/Obj/twi_sensor_pca10056/nrf_log_frontend.o
                0x0000000000000e38                buffer_is_empty
 .text.nrf_log_frontend_dequeue
                0x0000000000000e54      0x3a0 Output/Debug/Obj/twi_sensor_pca10056/nrf_log_frontend.o
                0x0000000000000e54                nrf_log_frontend_dequeue
 .text.backend_id_assign
                0x00000000000011f4       0x68 Output/Debug/Obj/twi_sensor_pca10056/nrf_log_frontend.o
 .text.nrf_log_backend_add
                0x000000000000125c       0x70 Output/Debug/Obj/twi_sensor_pca10056/nrf_log_frontend.o
                0x000000000000125c                nrf_log_backend_add
 .text.nrf_log_panic
                0x00000000000012cc       0x3c Output/Debug/Obj/twi_sensor_pca10056/nrf_log_frontend.o
                0x00000000000012cc                nrf_log_panic
 .text.timestamp_print
                0x0000000000001308        0xc Output/Debug/Obj/twi_sensor_pca10056/nrf_log_str_formatter.o
 .text.prefix_process
                0x0000000000001314       0xb0 Output/Debug/Obj/twi_sensor_pca10056/nrf_log_str_formatter.o
 .text.postfix_process
                0x00000000000013c4       0x60 Output/Debug/Obj/twi_sensor_pca10056/nrf_log_str_formatter.o
 .text.nrf_log_std_entry_process
                0x0000000000001424      0x144 Output/Debug/Obj/twi_sensor_pca10056/nrf_log_str_formatter.o
                0x0000000000001424                nrf_log_std_entry_process
 .text.nrf_log_hexdump_entry_process
                0x0000000000001568       0xf0 Output/Debug/Obj/twi_sensor_pca10056/nrf_log_str_formatter.o
                0x0000000000001568                nrf_log_hexdump_entry_process
 .text.app_error_save_and_stop
                0x0000000000001658       0x98 Output/Debug/Obj/twi_sensor_pca10056/app_error.o
                0x0000000000001658                app_error_save_and_stop
 .text.app_error_handler
                0x00000000000016f0       0x1c Output/Debug/Obj/twi_sensor_pca10056/app_error_handler_gcc.o
                0x00000000000016f0                app_error_handler
 .text.app_error_fault_handler
                0x000000000000170c      0x104 Output/Debug/Obj/twi_sensor_pca10056/app_error_weak.o
                0x000000000000170c                app_error_fault_handler
 .text.app_util_disable_irq
                0x0000000000001810       0x18 Output/Debug/Obj/twi_sensor_pca10056/app_util_platform.o
                0x0000000000001810                app_util_disable_irq
 .text.app_util_enable_irq
                0x0000000000001828       0x20 Output/Debug/Obj/twi_sensor_pca10056/app_util_platform.o
                0x0000000000001828                app_util_enable_irq
 .text.app_util_critical_region_enter
                0x0000000000001848       0x28 Output/Debug/Obj/twi_sensor_pca10056/app_util_platform.o
                0x0000000000001848                app_util_critical_region_enter
 .text.app_util_critical_region_exit
                0x0000000000001870       0x2c Output/Debug/Obj/twi_sensor_pca10056/app_util_platform.o
                0x0000000000001870                app_util_critical_region_exit
 .text.privilege_level_get
                0x000000000000189c       0x3a Output/Debug/Obj/twi_sensor_pca10056/app_util_platform.o
                0x000000000000189c                privilege_level_get
 .text.assert_nrf_callback
                0x00000000000018d6       0x2c Output/Debug/Obj/twi_sensor_pca10056/nrf_assert.o
                0x00000000000018d6                assert_nrf_callback
 .text.nrf_atomic_u32_fetch_store
                0x0000000000001902       0x2e Output/Debug/Obj/twi_sensor_pca10056/nrf_atomic.o
                0x0000000000001902                nrf_atomic_u32_fetch_store
 .text.nrf_atomic_u32_or
                0x0000000000001930       0x30 Output/Debug/Obj/twi_sensor_pca10056/nrf_atomic.o
                0x0000000000001930                nrf_atomic_u32_or
 .text.nrf_atomic_u32_fetch_and
                0x0000000000001960       0x30 Output/Debug/Obj/twi_sensor_pca10056/nrf_atomic.o
                0x0000000000001960                nrf_atomic_u32_fetch_and
 .text.nrf_atomic_u32_add
                0x0000000000001990       0x30 Output/Debug/Obj/twi_sensor_pca10056/nrf_atomic.o
                0x0000000000001990                nrf_atomic_u32_add
 .text.nrf_atomic_u32_sub
                0x00000000000019c0       0x30 Output/Debug/Obj/twi_sensor_pca10056/nrf_atomic.o
                0x00000000000019c0                nrf_atomic_u32_sub
 .text.nrf_atomic_flag_set
                0x00000000000019f0       0x18 Output/Debug/Obj/twi_sensor_pca10056/nrf_atomic.o
                0x00000000000019f0                nrf_atomic_flag_set
 .text.nrf_atomic_flag_clear_fetch
                0x0000000000001a08       0x18 Output/Debug/Obj/twi_sensor_pca10056/nrf_atomic.o
                0x0000000000001a08                nrf_atomic_flag_clear_fetch
 .text.nrf_balloc_idx2block
                0x0000000000001a20       0x38 Output/Debug/Obj/twi_sensor_pca10056/nrf_balloc.o
 .text.nrf_balloc_block2idx
                0x0000000000001a58       0x34 Output/Debug/Obj/twi_sensor_pca10056/nrf_balloc.o
 .text.nrf_balloc_init
                0x0000000000001a8c       0xb8 Output/Debug/Obj/twi_sensor_pca10056/nrf_balloc.o
                0x0000000000001a8c                nrf_balloc_init
 .text.nrf_balloc_alloc
                0x0000000000001b44       0x84 Output/Debug/Obj/twi_sensor_pca10056/nrf_balloc.o
                0x0000000000001b44                nrf_balloc_alloc
 .text.nrf_balloc_free
                0x0000000000001bc8       0x58 Output/Debug/Obj/twi_sensor_pca10056/nrf_balloc.o
                0x0000000000001bc8                nrf_balloc_free
 .text.nrf_fprintf_buffer_flush
                0x0000000000001c20       0x44 Output/Debug/Obj/twi_sensor_pca10056/nrf_fprintf.o
                0x0000000000001c20                nrf_fprintf_buffer_flush
 .text.nrf_fprintf
                0x0000000000001c64       0x74 Output/Debug/Obj/twi_sensor_pca10056/nrf_fprintf.o
                0x0000000000001c64                nrf_fprintf
 .text.buffer_add
                0x0000000000001cd8       0x4c Output/Debug/Obj/twi_sensor_pca10056/nrf_fprintf_format.o
 .text.string_print
                0x0000000000001d24       0xc2 Output/Debug/Obj/twi_sensor_pca10056/nrf_fprintf_format.o
 *fill*         0x0000000000001de6        0x2 
 .text.unsigned_print
                0x0000000000001de8      0x130 Output/Debug/Obj/twi_sensor_pca10056/nrf_fprintf_format.o
 .text.int_print
                0x0000000000001f18      0x11c Output/Debug/Obj/twi_sensor_pca10056/nrf_fprintf_format.o
 .text.nrf_fprintf_fmt
                0x0000000000002034      0x388 Output/Debug/Obj/twi_sensor_pca10056/nrf_fprintf_format.o
                0x0000000000002034                nrf_fprintf_fmt
 .text.nrf_memobj_pool_init
                0x00000000000023bc       0x16 Output/Debug/Obj/twi_sensor_pca10056/nrf_memobj.o
                0x00000000000023bc                nrf_memobj_pool_init
 .text.nrf_memobj_alloc
                0x00000000000023d2       0xae Output/Debug/Obj/twi_sensor_pca10056/nrf_memobj.o
                0x00000000000023d2                nrf_memobj_alloc
 .text.nrf_memobj_free
                0x0000000000002480       0x74 Output/Debug/Obj/twi_sensor_pca10056/nrf_memobj.o
                0x0000000000002480                nrf_memobj_free
 .text.nrf_memobj_get
                0x00000000000024f4       0x1e Output/Debug/Obj/twi_sensor_pca10056/nrf_memobj.o
                0x00000000000024f4                nrf_memobj_get
 .text.nrf_memobj_put
                0x0000000000002512       0x34 Output/Debug/Obj/twi_sensor_pca10056/nrf_memobj.o
                0x0000000000002512                nrf_memobj_put
 *fill*         0x0000000000002546        0x2 
 .text.memobj_op
                0x0000000000002548      0x124 Output/Debug/Obj/twi_sensor_pca10056/nrf_memobj.o
 .text.nrf_memobj_write
                0x000000000000266c       0x3c Output/Debug/Obj/twi_sensor_pca10056/nrf_memobj.o
                0x000000000000266c                nrf_memobj_write
 .text.nrf_memobj_read
                0x00000000000026a8       0x40 Output/Debug/Obj/twi_sensor_pca10056/nrf_memobj.o
                0x00000000000026a8                nrf_memobj_read
 .text.nrf_ringbuf_init
                0x00000000000026e8       0x3a Output/Debug/Obj/twi_sensor_pca10056/nrf_ringbuf.o
                0x00000000000026e8                nrf_ringbuf_init
 *fill*         0x0000000000002722        0x2 
 .text.nrf_strerror_get
                0x0000000000002724       0x28 Output/Debug/Obj/twi_sensor_pca10056/nrf_strerror.o
                0x0000000000002724                nrf_strerror_get
 .text.nrf_strerror_find
                0x000000000000274c       0x68 Output/Debug/Obj/twi_sensor_pca10056/nrf_strerror.o
                0x000000000000274c                nrf_strerror_find
 .text.nrfx_coredep_delay_us
                0x00000000000027b4       0x30 Output/Debug/Obj/twi_sensor_pca10056/nrf_drv_twi.o
 .text.nrf_gpio_pin_port_decode
                0x00000000000027e4       0x4c Output/Debug/Obj/twi_sensor_pca10056/nrf_drv_twi.o
 .text.nrf_gpio_pin_set
                0x0000000000002830       0x28 Output/Debug/Obj/twi_sensor_pca10056/nrf_drv_twi.o
 .text.nrf_gpio_pin_clear
                0x0000000000002858       0x28 Output/Debug/Obj/twi_sensor_pca10056/nrf_drv_twi.o
 .text.nrf_gpio_pin_read
                0x0000000000002880       0x2a Output/Debug/Obj/twi_sensor_pca10056/nrf_drv_twi.o
 .text.nrf_gpio_port_in_read
                0x00000000000028aa       0x10 Output/Debug/Obj/twi_sensor_pca10056/nrf_drv_twi.o
 .text.nrf_gpio_port_out_set
                0x00000000000028ba       0x14 Output/Debug/Obj/twi_sensor_pca10056/nrf_drv_twi.o
 .text.nrf_gpio_port_out_clear
                0x00000000000028ce       0x14 Output/Debug/Obj/twi_sensor_pca10056/nrf_drv_twi.o
 .text.nrf_gpio_pin_present_check
                0x00000000000028e2       0x50 Output/Debug/Obj/twi_sensor_pca10056/nrf_drv_twi.o
 .text.twi_clear_bus
                0x0000000000002932       0xde Output/Debug/Obj/twi_sensor_pca10056/nrf_drv_twi.o
 .text.twim_evt_handler
                0x0000000000002a10       0x6c Output/Debug/Obj/twi_sensor_pca10056/nrf_drv_twi.o
 .text.nrf_drv_twi_init
                0x0000000000002a7c       0x68 Output/Debug/Obj/twi_sensor_pca10056/nrf_drv_twi.o
                0x0000000000002a7c                nrf_drv_twi_init
 .text.uarte_evt_handler
                0x0000000000002ae4       0x50 Output/Debug/Obj/twi_sensor_pca10056/nrf_drv_uart.o
 .text.uart_evt_handler
                0x0000000000002b34       0x50 Output/Debug/Obj/twi_sensor_pca10056/nrf_drv_uart.o
 .text.nrf_drv_uart_init
                0x0000000000002b84       0xdc Output/Debug/Obj/twi_sensor_pca10056/nrf_drv_uart.o
                0x0000000000002b84                nrf_drv_uart_init
 .text.UARTE0_UART0_IRQHandler
                0x0000000000002c60       0x24 Output/Debug/Obj/twi_sensor_pca10056/nrfx_prs.o
                0x0000000000002c60                UARTE0_UART0_IRQHandler
 .text.prs_box_get
                0x0000000000002c84       0x20 Output/Debug/Obj/twi_sensor_pca10056/nrfx_prs.o
 .text.nrfx_prs_acquire
                0x0000000000002ca4       0x74 Output/Debug/Obj/twi_sensor_pca10056/nrfx_prs.o
                0x0000000000002ca4                nrfx_prs_acquire
 .text.nrfx_prs_release
                0x0000000000002d18       0x3c Output/Debug/Obj/twi_sensor_pca10056/nrfx_prs.o
                0x0000000000002d18                nrfx_prs_release
 .text.__NVIC_EnableIRQ
                0x0000000000002d54       0x34 Output/Debug/Obj/twi_sensor_pca10056/nrfx_twim.o
 .text.__NVIC_ClearPendingIRQ
                0x0000000000002d88       0x38 Output/Debug/Obj/twi_sensor_pca10056/nrfx_twim.o
 .text.__NVIC_SetPriority
                0x0000000000002dc0       0x50 Output/Debug/Obj/twi_sensor_pca10056/nrfx_twim.o
 .text.nrfx_is_in_ram
                0x0000000000002e10       0x1c Output/Debug/Obj/twi_sensor_pca10056/nrfx_twim.o
 .text.nrfx_get_irq_number
                0x0000000000002e2c       0x10 Output/Debug/Obj/twi_sensor_pca10056/nrfx_twim.o
 .text._NRFX_IRQ_PRIORITY_SET
                0x0000000000002e3c       0x40 Output/Debug/Obj/twi_sensor_pca10056/nrfx_twim.o
 .text._NRFX_IRQ_ENABLE
                0x0000000000002e7c       0x1c Output/Debug/Obj/twi_sensor_pca10056/nrfx_twim.o
 .text._NRFX_IRQ_PENDING_CLEAR
                0x0000000000002e98       0x1c Output/Debug/Obj/twi_sensor_pca10056/nrfx_twim.o
 .text.nrf_twim_task_trigger
                0x0000000000002eb4       0x1c Output/Debug/Obj/twi_sensor_pca10056/nrfx_twim.o
 .text.nrf_twim_event_clear
                0x0000000000002ed0       0x2a Output/Debug/Obj/twi_sensor_pca10056/nrfx_twim.o
 .text.nrf_twim_event_check
                0x0000000000002efa       0x24 Output/Debug/Obj/twi_sensor_pca10056/nrfx_twim.o
 .text.nrf_twim_int_enable
                0x0000000000002f1e       0x14 Output/Debug/Obj/twi_sensor_pca10056/nrfx_twim.o
 .text.nrf_twim_int_disable
                0x0000000000002f32       0x14 Output/Debug/Obj/twi_sensor_pca10056/nrfx_twim.o
 .text.nrf_twim_enable
                0x0000000000002f46       0x12 Output/Debug/Obj/twi_sensor_pca10056/nrfx_twim.o
 .text.nrf_twim_disable
                0x0000000000002f58       0x12 Output/Debug/Obj/twi_sensor_pca10056/nrfx_twim.o
 .text.nrf_twim_pins_set
                0x0000000000002f6a       0x1e Output/Debug/Obj/twi_sensor_pca10056/nrfx_twim.o
 .text.nrf_twim_frequency_set
                0x0000000000002f88       0x14 Output/Debug/Obj/twi_sensor_pca10056/nrfx_twim.o
 .text.nrf_twim_errorsrc_get_and_clear
                0x0000000000002f9c       0x1c Output/Debug/Obj/twi_sensor_pca10056/nrfx_twim.o
 .text.nrf_twim_address_set
                0x0000000000002fb8       0x1a Output/Debug/Obj/twi_sensor_pca10056/nrfx_twim.o
 .text.nrf_twim_tx_buffer_set
                0x0000000000002fd2       0x1e Output/Debug/Obj/twi_sensor_pca10056/nrfx_twim.o
 .text.nrf_twim_rx_buffer_set
                0x0000000000002ff0       0x1e Output/Debug/Obj/twi_sensor_pca10056/nrfx_twim.o
 .text.nrf_twim_shorts_set
                0x000000000000300e       0x14 Output/Debug/Obj/twi_sensor_pca10056/nrfx_twim.o
 .text.nrf_twim_txd_amount_get
                0x0000000000003022       0x10 Output/Debug/Obj/twi_sensor_pca10056/nrfx_twim.o
 .text.nrf_twim_shorts_get
                0x0000000000003032       0x10 Output/Debug/Obj/twi_sensor_pca10056/nrfx_twim.o
 .text.nrf_twim_rxd_amount_get
                0x0000000000003042       0x10 Output/Debug/Obj/twi_sensor_pca10056/nrfx_twim.o
 .text.nrf_twim_tx_list_enable
                0x0000000000003052       0x12 Output/Debug/Obj/twi_sensor_pca10056/nrfx_twim.o
 .text.nrf_twim_tx_list_disable
                0x0000000000003064       0x12 Output/Debug/Obj/twi_sensor_pca10056/nrfx_twim.o
 .text.nrf_twim_rx_list_enable
                0x0000000000003076       0x12 Output/Debug/Obj/twi_sensor_pca10056/nrfx_twim.o
 .text.nrf_twim_rx_list_disable
                0x0000000000003088       0x12 Output/Debug/Obj/twi_sensor_pca10056/nrfx_twim.o
 *fill*         0x000000000000309a        0x2 
 .text.nrf_gpio_pin_port_decode
                0x000000000000309c       0x4c Output/Debug/Obj/twi_sensor_pca10056/nrfx_twim.o
 .text.nrf_gpio_cfg
                0x00000000000030e8       0x62 Output/Debug/Obj/twi_sensor_pca10056/nrfx_twim.o
 .text.nrf_gpio_pin_present_check
                0x000000000000314a       0x50 Output/Debug/Obj/twi_sensor_pca10056/nrfx_twim.o
 .text.twi_process_error
                0x000000000000319a       0x40 Output/Debug/Obj/twi_sensor_pca10056/nrfx_twim.o
 *fill*         0x00000000000031da        0x2 
 .text.xfer_completeness_check
                0x00000000000031dc       0xfc Output/Debug/Obj/twi_sensor_pca10056/nrfx_twim.o
 .text.nrfx_twim_init
                0x00000000000032d8      0x148 Output/Debug/Obj/twi_sensor_pca10056/nrfx_twim.o
                0x00000000000032d8                nrfx_twim_init
 .text.nrfx_twim_enable
                0x0000000000003420       0x50 Output/Debug/Obj/twi_sensor_pca10056/nrfx_twim.o
                0x0000000000003420                nrfx_twim_enable
 .text.twim_list_enable_handle
                0x0000000000003470       0x40 Output/Debug/Obj/twi_sensor_pca10056/nrfx_twim.o
 .text.twim_xfer
                0x00000000000034b0      0x440 Output/Debug/Obj/twi_sensor_pca10056/nrfx_twim.o
 .text.nrfx_twim_xfer
                0x00000000000038f0       0x9c Output/Debug/Obj/twi_sensor_pca10056/nrfx_twim.o
                0x00000000000038f0                nrfx_twim_xfer
 .text.nrfx_twim_tx
                0x000000000000398c       0x50 Output/Debug/Obj/twi_sensor_pca10056/nrfx_twim.o
                0x000000000000398c                nrfx_twim_tx
 .text.nrfx_twim_rx
                0x00000000000039dc       0x44 Output/Debug/Obj/twi_sensor_pca10056/nrfx_twim.o
                0x00000000000039dc                nrfx_twim_rx
 .text.twim_irq_handler
                0x0000000000003a20      0x2a4 Output/Debug/Obj/twi_sensor_pca10056/nrfx_twim.o
 .text.SPIM0_SPIS0_TWIM0_TWIS0_SPI0_TWI0_IRQHandler
                0x0000000000003cc4       0x18 Output/Debug/Obj/twi_sensor_pca10056/nrfx_twim.o
                0x0000000000003cc4                SPIM0_SPIS0_TWIM0_TWIS0_SPI0_TWI0_IRQHandler
 .text.__NVIC_EnableIRQ
                0x0000000000003cdc       0x34 Output/Debug/Obj/twi_sensor_pca10056/nrfx_uart.o
 .text.__NVIC_DisableIRQ
                0x0000000000003d10       0x44 Output/Debug/Obj/twi_sensor_pca10056/nrfx_uart.o
 .text.__NVIC_SetPriority
                0x0000000000003d54       0x50 Output/Debug/Obj/twi_sensor_pca10056/nrfx_uart.o
 .text.nrfx_get_irq_number
                0x0000000000003da4       0x10 Output/Debug/Obj/twi_sensor_pca10056/nrfx_uart.o
 .text._NRFX_IRQ_PRIORITY_SET
                0x0000000000003db4       0x40 Output/Debug/Obj/twi_sensor_pca10056/nrfx_uart.o
 .text._NRFX_IRQ_ENABLE
                0x0000000000003df4       0x1c Output/Debug/Obj/twi_sensor_pca10056/nrfx_uart.o
 .text._NRFX_IRQ_DISABLE
                0x0000000000003e10       0x1c Output/Debug/Obj/twi_sensor_pca10056/nrfx_uart.o
 .text.nrf_uart_event_clear
                0x0000000000003e2c       0x2a Output/Debug/Obj/twi_sensor_pca10056/nrfx_uart.o
 .text.nrf_uart_event_check
                0x0000000000003e56       0x24 Output/Debug/Obj/twi_sensor_pca10056/nrfx_uart.o
 .text.nrf_uart_int_enable
                0x0000000000003e7a       0x14 Output/Debug/Obj/twi_sensor_pca10056/nrfx_uart.o
 .text.nrf_uart_int_enable_check
                0x0000000000003e8e       0x20 Output/Debug/Obj/twi_sensor_pca10056/nrfx_uart.o
 .text.nrf_uart_int_disable
                0x0000000000003eae       0x14 Output/Debug/Obj/twi_sensor_pca10056/nrfx_uart.o
 .text.nrf_uart_errorsrc_get_and_clear
                0x0000000000003ec2       0x1c Output/Debug/Obj/twi_sensor_pca10056/nrfx_uart.o
 .text.nrf_uart_enable
                0x0000000000003ede       0x12 Output/Debug/Obj/twi_sensor_pca10056/nrfx_uart.o
 .text.nrf_uart_disable
                0x0000000000003ef0       0x12 Output/Debug/Obj/twi_sensor_pca10056/nrfx_uart.o
 .text.nrf_uart_txrx_pins_set
                0x0000000000003f02       0x1e Output/Debug/Obj/twi_sensor_pca10056/nrfx_uart.o
 .text.nrf_uart_txrx_pins_disconnect
                0x0000000000003f20       0x1c Output/Debug/Obj/twi_sensor_pca10056/nrfx_uart.o
 .text.nrf_uart_tx_pin_get
                0x0000000000003f3c       0x10 Output/Debug/Obj/twi_sensor_pca10056/nrfx_uart.o
 .text.nrf_uart_rx_pin_get
                0x0000000000003f4c       0x10 Output/Debug/Obj/twi_sensor_pca10056/nrfx_uart.o
 .text.nrf_uart_rts_pin_get
                0x0000000000003f5c       0x10 Output/Debug/Obj/twi_sensor_pca10056/nrfx_uart.o
 .text.nrf_uart_cts_pin_get
                0x0000000000003f6c       0x10 Output/Debug/Obj/twi_sensor_pca10056/nrfx_uart.o
 .text.nrf_uart_hwfc_pins_set
                0x0000000000003f7c       0x1e Output/Debug/Obj/twi_sensor_pca10056/nrfx_uart.o
 .text.nrf_uart_hwfc_pins_disconnect
                0x0000000000003f9a       0x1c Output/Debug/Obj/twi_sensor_pca10056/nrfx_uart.o
 .text.nrf_uart_rxd_get
                0x0000000000003fb6       0x12 Output/Debug/Obj/twi_sensor_pca10056/nrfx_uart.o
 .text.nrf_uart_txd_set
                0x0000000000003fc8       0x1a Output/Debug/Obj/twi_sensor_pca10056/nrfx_uart.o
 .text.nrf_uart_task_trigger
                0x0000000000003fe2       0x1c Output/Debug/Obj/twi_sensor_pca10056/nrfx_uart.o
 .text.nrf_uart_configure
                0x0000000000003ffe       0x2a Output/Debug/Obj/twi_sensor_pca10056/nrfx_uart.o
 .text.nrf_uart_baudrate_set
                0x0000000000004028       0x14 Output/Debug/Obj/twi_sensor_pca10056/nrfx_uart.o
 .text.nrf_gpio_pin_port_decode
                0x000000000000403c       0x4c Output/Debug/Obj/twi_sensor_pca10056/nrfx_uart.o
 .text.nrf_gpio_cfg
                0x0000000000004088       0x62 Output/Debug/Obj/twi_sensor_pca10056/nrfx_uart.o
 .text.nrf_gpio_cfg_output
                0x00000000000040ea       0x22 Output/Debug/Obj/twi_sensor_pca10056/nrfx_uart.o
 .text.nrf_gpio_cfg_input
                0x000000000000410c       0x2a Output/Debug/Obj/twi_sensor_pca10056/nrfx_uart.o
 .text.nrf_gpio_cfg_default
                0x0000000000004136       0x22 Output/Debug/Obj/twi_sensor_pca10056/nrfx_uart.o
 .text.nrf_gpio_pin_set
                0x0000000000004158       0x28 Output/Debug/Obj/twi_sensor_pca10056/nrfx_uart.o
 .text.nrf_gpio_port_out_set
                0x0000000000004180       0x14 Output/Debug/Obj/twi_sensor_pca10056/nrfx_uart.o
 .text.nrf_gpio_pin_present_check
                0x0000000000004194       0x50 Output/Debug/Obj/twi_sensor_pca10056/nrfx_uart.o
 .text.apply_config
                0x00000000000041e4       0xc6 Output/Debug/Obj/twi_sensor_pca10056/nrfx_uart.o
 *fill*         0x00000000000042aa        0x2 
 .text.interrupts_enable
                0x00000000000042ac       0x6c Output/Debug/Obj/twi_sensor_pca10056/nrfx_uart.o
 .text.interrupts_disable
                0x0000000000004318       0x30 Output/Debug/Obj/twi_sensor_pca10056/nrfx_uart.o
 .text.pins_to_default
                0x0000000000004348       0x8a Output/Debug/Obj/twi_sensor_pca10056/nrfx_uart.o
 *fill*         0x00000000000043d2        0x2 
 .text.nrfx_uart_init
                0x00000000000043d4       0xd4 Output/Debug/Obj/twi_sensor_pca10056/nrfx_uart.o
                0x00000000000043d4                nrfx_uart_init
 .text.nrfx_uart_uninit
                0x00000000000044a8       0x5c Output/Debug/Obj/twi_sensor_pca10056/nrfx_uart.o
                0x00000000000044a8                nrfx_uart_uninit
 .text.tx_byte  0x0000000000004504       0x40 Output/Debug/Obj/twi_sensor_pca10056/nrfx_uart.o
 .text.tx_blocking
                0x0000000000004544       0x52 Output/Debug/Obj/twi_sensor_pca10056/nrfx_uart.o
 *fill*         0x0000000000004596        0x2 
 .text.nrfx_uart_tx
                0x0000000000004598      0x110 Output/Debug/Obj/twi_sensor_pca10056/nrfx_uart.o
                0x0000000000004598                nrfx_uart_tx
 .text.nrfx_uart_tx_in_progress
                0x00000000000046a8       0x2c Output/Debug/Obj/twi_sensor_pca10056/nrfx_uart.o
                0x00000000000046a8                nrfx_uart_tx_in_progress
 .text.rx_byte  0x00000000000046d4       0x4e Output/Debug/Obj/twi_sensor_pca10056/nrfx_uart.o
 .text.rx_done_event
                0x0000000000004722       0x2e Output/Debug/Obj/twi_sensor_pca10056/nrfx_uart.o
 .text.tx_done_event
                0x0000000000004750       0x34 Output/Debug/Obj/twi_sensor_pca10056/nrfx_uart.o
 .text.uart_irq_handler
                0x0000000000004784      0x1de Output/Debug/Obj/twi_sensor_pca10056/nrfx_uart.o
 *fill*         0x0000000000004962        0x2 
 .text.nrfx_uart_0_irq_handler
                0x0000000000004964       0x18 Output/Debug/Obj/twi_sensor_pca10056/nrfx_uart.o
                0x0000000000004964                nrfx_uart_0_irq_handler
 .text.__NVIC_EnableIRQ
                0x000000000000497c       0x34 Output/Debug/Obj/twi_sensor_pca10056/nrfx_uarte.o
 .text.__NVIC_DisableIRQ
                0x00000000000049b0       0x44 Output/Debug/Obj/twi_sensor_pca10056/nrfx_uarte.o
 .text.__NVIC_SetPriority
                0x00000000000049f4       0x50 Output/Debug/Obj/twi_sensor_pca10056/nrfx_uarte.o
 .text.nrfx_is_in_ram
                0x0000000000004a44       0x1c Output/Debug/Obj/twi_sensor_pca10056/nrfx_uarte.o
 .text.nrfx_get_irq_number
                0x0000000000004a60       0x10 Output/Debug/Obj/twi_sensor_pca10056/nrfx_uarte.o
 .text._NRFX_IRQ_PRIORITY_SET
                0x0000000000004a70       0x40 Output/Debug/Obj/twi_sensor_pca10056/nrfx_uarte.o
 .text._NRFX_IRQ_ENABLE
                0x0000000000004ab0       0x1c Output/Debug/Obj/twi_sensor_pca10056/nrfx_uarte.o
 .text._NRFX_IRQ_DISABLE
                0x0000000000004acc       0x1c Output/Debug/Obj/twi_sensor_pca10056/nrfx_uarte.o
 .text.nrf_uarte_event_clear
                0x0000000000004ae8       0x2a Output/Debug/Obj/twi_sensor_pca10056/nrfx_uarte.o
 .text.nrf_uarte_event_check
                0x0000000000004b12       0x24 Output/Debug/Obj/twi_sensor_pca10056/nrfx_uarte.o
 .text.nrf_uarte_shorts_disable
                0x0000000000004b36       0x1e Output/Debug/Obj/twi_sensor_pca10056/nrfx_uarte.o
 .text.nrf_uarte_int_enable
                0x0000000000004b54       0x14 Output/Debug/Obj/twi_sensor_pca10056/nrfx_uarte.o
 .text.nrf_uarte_int_disable
                0x0000000000004b68       0x14 Output/Debug/Obj/twi_sensor_pca10056/nrfx_uarte.o
 .text.nrf_uarte_errorsrc_get_and_clear
                0x0000000000004b7c       0x1c Output/Debug/Obj/twi_sensor_pca10056/nrfx_uarte.o
 .text.nrf_uarte_enable
                0x0000000000004b98       0x12 Output/Debug/Obj/twi_sensor_pca10056/nrfx_uarte.o
 .text.nrf_uarte_disable
                0x0000000000004baa       0x12 Output/Debug/Obj/twi_sensor_pca10056/nrfx_uarte.o
 .text.nrf_uarte_txrx_pins_set
                0x0000000000004bbc       0x1e Output/Debug/Obj/twi_sensor_pca10056/nrfx_uarte.o
 .text.nrf_uarte_txrx_pins_disconnect
                0x0000000000004bda       0x1c Output/Debug/Obj/twi_sensor_pca10056/nrfx_uarte.o
 .text.nrf_uarte_tx_pin_get
                0x0000000000004bf6       0x10 Output/Debug/Obj/twi_sensor_pca10056/nrfx_uarte.o
 .text.nrf_uarte_rx_pin_get
                0x0000000000004c06       0x10 Output/Debug/Obj/twi_sensor_pca10056/nrfx_uarte.o
 .text.nrf_uarte_rts_pin_get
                0x0000000000004c16       0x10 Output/Debug/Obj/twi_sensor_pca10056/nrfx_uarte.o
 .text.nrf_uarte_cts_pin_get
                0x0000000000004c26       0x10 Output/Debug/Obj/twi_sensor_pca10056/nrfx_uarte.o
 .text.nrf_uarte_hwfc_pins_set
                0x0000000000004c36       0x1e Output/Debug/Obj/twi_sensor_pca10056/nrfx_uarte.o
 .text.nrf_uarte_hwfc_pins_disconnect
                0x0000000000004c54       0x1c Output/Debug/Obj/twi_sensor_pca10056/nrfx_uarte.o
 .text.nrf_uarte_task_trigger
                0x0000000000004c70       0x1c Output/Debug/Obj/twi_sensor_pca10056/nrfx_uarte.o
 .text.nrf_uarte_configure
                0x0000000000004c8c       0x2a Output/Debug/Obj/twi_sensor_pca10056/nrfx_uarte.o
 .text.nrf_uarte_baudrate_set
                0x0000000000004cb6       0x14 Output/Debug/Obj/twi_sensor_pca10056/nrfx_uarte.o
 .text.nrf_uarte_tx_buffer_set
                0x0000000000004cca       0x1e Output/Debug/Obj/twi_sensor_pca10056/nrfx_uarte.o
 .text.nrf_uarte_tx_amount_get
                0x0000000000004ce8       0x10 Output/Debug/Obj/twi_sensor_pca10056/nrfx_uarte.o
 .text.nrf_uarte_rx_amount_get
                0x0000000000004cf8       0x10 Output/Debug/Obj/twi_sensor_pca10056/nrfx_uarte.o
 .text.nrf_gpio_pin_port_decode
                0x0000000000004d08       0x4c Output/Debug/Obj/twi_sensor_pca10056/nrfx_uarte.o
 .text.nrf_gpio_cfg
                0x0000000000004d54       0x62 Output/Debug/Obj/twi_sensor_pca10056/nrfx_uarte.o
 .text.nrf_gpio_cfg_output
                0x0000000000004db6       0x22 Output/Debug/Obj/twi_sensor_pca10056/nrfx_uarte.o
 .text.nrf_gpio_cfg_input
                0x0000000000004dd8       0x2a Output/Debug/Obj/twi_sensor_pca10056/nrfx_uarte.o
 .text.nrf_gpio_cfg_default
                0x0000000000004e02       0x22 Output/Debug/Obj/twi_sensor_pca10056/nrfx_uarte.o
 .text.nrf_gpio_pin_set
                0x0000000000004e24       0x28 Output/Debug/Obj/twi_sensor_pca10056/nrfx_uarte.o
 .text.nrf_gpio_port_out_set
                0x0000000000004e4c       0x14 Output/Debug/Obj/twi_sensor_pca10056/nrfx_uarte.o
 .text.nrf_gpio_pin_present_check
                0x0000000000004e60       0x50 Output/Debug/Obj/twi_sensor_pca10056/nrfx_uarte.o
 .text.apply_config
                0x0000000000004eb0       0xc6 Output/Debug/Obj/twi_sensor_pca10056/nrfx_uarte.o
 *fill*         0x0000000000004f76        0x2 
 .text.interrupts_enable
                0x0000000000004f78       0x98 Output/Debug/Obj/twi_sensor_pca10056/nrfx_uarte.o
 .text.interrupts_disable
                0x0000000000005010       0x30 Output/Debug/Obj/twi_sensor_pca10056/nrfx_uarte.o
 .text.pins_to_default
                0x0000000000005040       0x8a Output/Debug/Obj/twi_sensor_pca10056/nrfx_uarte.o
 *fill*         0x00000000000050ca        0x2 
 .text.nrfx_uarte_init
                0x00000000000050cc       0xcc Output/Debug/Obj/twi_sensor_pca10056/nrfx_uarte.o
                0x00000000000050cc                nrfx_uarte_init
 .text.nrfx_uarte_uninit
                0x0000000000005198       0xc4 Output/Debug/Obj/twi_sensor_pca10056/nrfx_uarte.o
                0x0000000000005198                nrfx_uarte_uninit
 .text.nrfx_uarte_tx
                0x000000000000525c      0x180 Output/Debug/Obj/twi_sensor_pca10056/nrfx_uarte.o
                0x000000000000525c                nrfx_uarte_tx
 .text.nrfx_uarte_tx_in_progress
                0x00000000000053dc       0x30 Output/Debug/Obj/twi_sensor_pca10056/nrfx_uarte.o
                0x00000000000053dc                nrfx_uarte_tx_in_progress
 .text.rx_done_event
                0x000000000000540c       0x2e Output/Debug/Obj/twi_sensor_pca10056/nrfx_uarte.o
 .text.tx_done_event
                0x000000000000543a       0x34 Output/Debug/Obj/twi_sensor_pca10056/nrfx_uarte.o
 .text.uarte_irq_handler
                0x000000000000546e      0x18c Output/Debug/Obj/twi_sensor_pca10056/nrfx_uarte.o
 *fill*         0x00000000000055fa        0x2 
 .text.nrfx_uarte_0_irq_handler
                0x00000000000055fc       0x18 Output/Debug/Obj/twi_sensor_pca10056/nrfx_uarte.o
                0x00000000000055fc                nrfx_uarte_0_irq_handler
 .text.nrfx_coredep_delay_us
                0x0000000000005614       0x30 Output/Debug/Obj/twi_sensor_pca10056/main.o
 .text.nrf_gpio_pin_port_decode
                0x0000000000005644       0x4c Output/Debug/Obj/twi_sensor_pca10056/main.o
 .text.nrf_gpio_pin_read
                0x0000000000005690       0x2a Output/Debug/Obj/twi_sensor_pca10056/main.o
 .text.nrf_gpio_port_in_read
                0x00000000000056ba       0x10 Output/Debug/Obj/twi_sensor_pca10056/main.o
 .text.nrf_gpio_pin_present_check
                0x00000000000056ca       0x50 Output/Debug/Obj/twi_sensor_pca10056/main.o
 .text.nrf_drv_twi_enable
                0x000000000000571a       0x18 Output/Debug/Obj/twi_sensor_pca10056/main.o
 .text.nrf_delay_ms
                0x0000000000005732       0x2a Output/Debug/Obj/twi_sensor_pca10056/main.o
 .text.twi_init
                0x000000000000575c       0x5c Output/Debug/Obj/twi_sensor_pca10056/main.o
                0x000000000000575c                twi_init
 .text.SysTick_Handler
                0x00000000000057b8       0xf0 Output/Debug/Obj/twi_sensor_pca10056/main.o
                0x00000000000057b8                SysTick_Handler
 .text.main     0x00000000000058a8      0x234 Output/Debug/Obj/twi_sensor_pca10056/main.o
                0x00000000000058a8                main
 .text.nrfx_coredep_delay_us
                0x0000000000005adc       0x30 Output/Debug/Obj/twi_sensor_pca10056/ssd1306oled.o
 .text.nrf_drv_twi_tx
                0x0000000000005b0c       0x40 Output/Debug/Obj/twi_sensor_pca10056/ssd1306oled.o
 .text.nrf_delay_ms
                0x0000000000005b4c       0x2a Output/Debug/Obj/twi_sensor_pca10056/ssd1306oled.o
 *fill*         0x0000000000005b76        0x2 
 .text.ssd1306_command
                0x0000000000005b78       0x44 Output/Debug/Obj/twi_sensor_pca10056/ssd1306oled.o
                0x0000000000005b78                ssd1306_command
 .text.SSD1306_Begin
                0x0000000000005bbc      0x114 Output/Debug/Obj/twi_sensor_pca10056/ssd1306oled.o
                0x0000000000005bbc                SSD1306_Begin
 .text.SSD1306_DrawPixel
                0x0000000000005cd0       0xb8 Output/Debug/Obj/twi_sensor_pca10056/ssd1306oled.o
                0x0000000000005cd0                SSD1306_DrawPixel
 .text.SSD1306_Display
                0x0000000000005d88       0xac Output/Debug/Obj/twi_sensor_pca10056/ssd1306oled.o
                0x0000000000005d88                SSD1306_Display
 .text.SSD1306_ClearDisplay
                0x0000000000005e34       0x34 Output/Debug/Obj/twi_sensor_pca10056/ssd1306oled.o
                0x0000000000005e34                SSD1306_ClearDisplay
 .text.SSD1306_DrawLine
                0x0000000000005e68      0x1e2 Output/Debug/Obj/twi_sensor_pca10056/ssd1306oled.o
                0x0000000000005e68                SSD1306_DrawLine
 .text.SSD1306_DrawFastVLine
                0x000000000000604a       0x60 Output/Debug/Obj/twi_sensor_pca10056/ssd1306oled.o
                0x000000000000604a                SSD1306_DrawFastVLine
 .text.SSD1306_FillRect
                0x00000000000060aa       0x6c Output/Debug/Obj/twi_sensor_pca10056/ssd1306oled.o
                0x00000000000060aa                SSD1306_FillRect
 .text.SSD1306_DrawText
                0x0000000000006116       0x56 Output/Debug/Obj/twi_sensor_pca10056/ssd1306oled.o
                0x0000000000006116                SSD1306_DrawText
 .text.SSD1306_GotoXY
                0x000000000000616c       0x40 Output/Debug/Obj/twi_sensor_pca10056/ssd1306oled.o
                0x000000000000616c                SSD1306_GotoXY
 .text.SSD1306_TextSize
                0x00000000000061ac       0x28 Output/Debug/Obj/twi_sensor_pca10056/ssd1306oled.o
                0x00000000000061ac                SSD1306_TextSize
 .text.SSD1306_Print
                0x00000000000061d4      0x2c8 Output/Debug/Obj/twi_sensor_pca10056/ssd1306oled.o
                0x00000000000061d4                SSD1306_Print
 .text.__NVIC_SystemReset
                0x000000000000649c       0x28 Output/Debug/Obj/twi_sensor_pca10056/system_nrf52840.o
 .text.nrf52_errata_36
                0x00000000000064c4       0x64 Output/Debug/Obj/twi_sensor_pca10056/system_nrf52840.o
 .text.nrf52_errata_66
                0x0000000000006528       0x64 Output/Debug/Obj/twi_sensor_pca10056/system_nrf52840.o
 .text.nrf52_errata_98
                0x000000000000658c       0x64 Output/Debug/Obj/twi_sensor_pca10056/system_nrf52840.o
 .text.nrf52_errata_103
                0x00000000000065f0       0x64 Output/Debug/Obj/twi_sensor_pca10056/system_nrf52840.o
 .text.nrf52_errata_115
                0x0000000000006654       0x64 Output/Debug/Obj/twi_sensor_pca10056/system_nrf52840.o
 .text.nrf52_errata_120
                0x00000000000066b8       0x64 Output/Debug/Obj/twi_sensor_pca10056/system_nrf52840.o
 .text.nrf52_errata_136
                0x000000000000671c       0x64 Output/Debug/Obj/twi_sensor_pca10056/system_nrf52840.o
 .text.nrf52_errata_249
                0x0000000000006780       0x64 Output/Debug/Obj/twi_sensor_pca10056/system_nrf52840.o
 .text.nrf52_handle_approtect
                0x00000000000067e4       0x20 Output/Debug/Obj/twi_sensor_pca10056/system_nrf52840.o
 .text.nvmc_wait
                0x0000000000006804       0x18 Output/Debug/Obj/twi_sensor_pca10056/system_nrf52840.o
                0x0000000000006804                nvmc_wait
 .text.nvmc_config
                0x000000000000681c       0x20 Output/Debug/Obj/twi_sensor_pca10056/system_nrf52840.o
                0x000000000000681c                nvmc_config
 .text.SystemCoreClockUpdate
                0x000000000000683c       0x14 Output/Debug/Obj/twi_sensor_pca10056/system_nrf52840.o
                0x000000000000683c                SystemCoreClockUpdate
 .text.SystemInit
                0x0000000000006850      0x228 Output/Debug/Obj/twi_sensor_pca10056/system_nrf52840.o
                0x0000000000006850                SystemInit
 .text.nrf_drv_twi_tx
                0x0000000000006a78       0x40 Output/Debug/Obj/twi_sensor_pca10056/ds1631.o
 .text.nrf_drv_twi_rx
                0x0000000000006ab8       0x38 Output/Debug/Obj/twi_sensor_pca10056/ds1631.o
 .text.DS1631_Init
                0x0000000000006af0       0x80 Output/Debug/Obj/twi_sensor_pca10056/ds1631.o
                0x0000000000006af0                DS1631_Init
 .text.DS1631_StartC
                0x0000000000006b70       0x2c Output/Debug/Obj/twi_sensor_pca10056/ds1631.o
                0x0000000000006b70                DS1631_StartC
 .text.DS1631_ReadTemp
                0x0000000000006b9c       0x4c Output/Debug/Obj/twi_sensor_pca10056/ds1631.o
                0x0000000000006b9c                DS1631_ReadTemp
 .text.libc.__SEGGER_RTL_ascii_mbtowc
                0x0000000000006be8       0x2e C:/Program Files/SEGGER/SEGGER Embedded Studio for ARM 6.32a/lib/libc_v7em_fpv4_sp_d16_hard_t_le_eabi_balanced.a(mbops.o)
                0x0000000000006be8                __SEGGER_RTL_ascii_mbtowc
 .text.libc.__SEGGER_RTL_ascii_wctomb
                0x0000000000006c16        0xe C:/Program Files/SEGGER/SEGGER Embedded Studio for ARM 6.32a/lib/libc_v7em_fpv4_sp_d16_hard_t_le_eabi_balanced.a(mbops.o)
                0x0000000000006c16                __SEGGER_RTL_ascii_wctomb
 .text.libc.__SEGGER_RTL_isctype
                0x0000000000006c24       0x1e C:/Program Files/SEGGER/SEGGER Embedded Studio for ARM 6.32a/lib/libc_v7em_fpv4_sp_d16_hard_t_le_eabi_balanced.a(mbops.o)
 .text.libc.isprint
                0x0000000000006c42        0x6 C:/Program Files/SEGGER/SEGGER Embedded Studio for ARM 6.32a/lib/libc_v7em_fpv4_sp_d16_hard_t_le_eabi_balanced.a(mbops.o)
                0x0000000000006c42                isprint
 .text.libc.__SEGGER_RTL_ascii_isctype
                0x0000000000006c48       0x20 C:/Program Files/SEGGER/SEGGER Embedded Studio for ARM 6.32a/lib/libc_v7em_fpv4_sp_d16_hard_t_le_eabi_balanced.a(mbops.o)
 .text.libc.__SEGGER_RTL_ascii_toupper
                0x0000000000006c68        0xc C:/Program Files/SEGGER/SEGGER Embedded Studio for ARM 6.32a/lib/libc_v7em_fpv4_sp_d16_hard_t_le_eabi_balanced.a(mbops.o)
 .text.libc.__SEGGER_RTL_ascii_tolower
                0x0000000000006c74        0xc C:/Program Files/SEGGER/SEGGER Embedded Studio for ARM 6.32a/lib/libc_v7em_fpv4_sp_d16_hard_t_le_eabi_balanced.a(mbops.o)
 .text.libc.__SEGGER_RTL_ascii_iswctype
                0x0000000000006c80       0x20 C:/Program Files/SEGGER/SEGGER Embedded Studio for ARM 6.32a/lib/libc_v7em_fpv4_sp_d16_hard_t_le_eabi_balanced.a(mbops.o)
 .text.libc.__SEGGER_RTL_ascii_towupper
                0x0000000000006ca0        0xc C:/Program Files/SEGGER/SEGGER Embedded Studio for ARM 6.32a/lib/libc_v7em_fpv4_sp_d16_hard_t_le_eabi_balanced.a(mbops.o)
 .text.libc.__SEGGER_RTL_ascii_towlower
                0x0000000000006cac        0xc C:/Program Files/SEGGER/SEGGER Embedded Studio for ARM 6.32a/lib/libc_v7em_fpv4_sp_d16_hard_t_le_eabi_balanced.a(mbops.o)
 .text.libc.strlen
                0x0000000000006cb8       0x60 C:/Program Files/SEGGER/SEGGER Embedded Studio for ARM 6.32a/lib/libc_v7em_fpv4_sp_d16_hard_t_le_eabi_balanced.a(strasmops_arm.o)
                0x0000000000006cb8                strlen
 .text.libc.memcpy
                0x0000000000006d18       0x64 C:/Program Files/SEGGER/SEGGER Embedded Studio for ARM 6.32a/lib/libc_v7em_fpv4_sp_d16_hard_t_le_eabi_balanced.a(strasmops_arm.o)
                0x0000000000006d18                __aeabi_memcpy
                0x0000000000006d18                memcpy
                0x0000000000006d3a                __aeabi_memcpy8
                0x0000000000006d3a                __aeabi_memcpy4
 .text.__SEGGER_RTL_init_heap
                0x0000000000006d7c       0x14 C:/Program Files/SEGGER/SEGGER Embedded Studio for ARM 6.32a/lib/heapops_basic_v7em_little.a(heapops_basic.o)
                0x0000000000006d7c                __SEGGER_RTL_init_heap
                0x0000000000006d90                __text_end__ = (__text_start__ + SIZEOF (.text))
                0x00000000000069c4                __text_size__ = SIZEOF (.text)
                0x0000000000006d90                __text_load_end__ = __text_end__

.vfp11_veneer   0x0000000100000000        0x0
 .vfp11_veneer  0x0000000100000000        0x0 linker stubs

.v4_bx          0x0000000100000000        0x0
 .v4_bx         0x0000000100000000        0x0 linker stubs

.iplt           0x0000000100000000        0x0
 .iplt          0x0000000100000000        0x0 Output/Debug/Obj/twi_sensor_pca10056/thumb_crt0.o
                0x0000000000000001                . = ASSERT (((__text_start__ == __text_end__) || ((__text_end__ - __FLASH1_segment_start__) <= __FLASH1_segment_size__)), error: .text is too large to fit in FLASH1 memory segment)
                0x0000000000006d90                __log_const_data_load_start__ = ALIGN (__text_end__, 0x4)

.log_const_data
                0x0000000000006d90       0x28
                0x0000000000006d90                __log_const_data_start__ = .
                0x0000000000006d90                __start_log_const_data = __log_const_data_start__
 *(SORT_BY_NAME(.log_const_data*))
 .log_const_data_PRS
                0x0000000000006d90        0x8 Output/Debug/Obj/twi_sensor_pca10056/nrfx_prs.o
                0x0000000000006d90                m_nrf_log_PRS_logs_data_const
 .log_const_data_TWIM
                0x0000000000006d98        0x8 Output/Debug/Obj/twi_sensor_pca10056/nrfx_twim.o
                0x0000000000006d98                m_nrf_log_TWIM_logs_data_const
 .log_const_data_UART
                0x0000000000006da0        0x8 Output/Debug/Obj/twi_sensor_pca10056/nrfx_uart.o
                0x0000000000006da0                m_nrf_log_UART_logs_data_const
 .log_const_data_UARTE
                0x0000000000006da8        0x8 Output/Debug/Obj/twi_sensor_pca10056/nrfx_uarte.o
                0x0000000000006da8                m_nrf_log_UARTE_logs_data_const
 .log_const_data_app
                0x0000000000006db0        0x8 Output/Debug/Obj/twi_sensor_pca10056/nrf_log_frontend.o
                0x0000000000006db0                m_nrf_log_app_logs_data_const
                0x0000000000006db8                __log_const_data_end__ = (__log_const_data_start__ + SIZEOF (.log_const_data))
                0x0000000000000028                __log_const_data_size__ = SIZEOF (.log_const_data)
                0x0000000000006db8                __stop_log_const_data = __log_const_data_end__
                0x0000000000006db8                __log_const_data_load_end__ = __log_const_data_end__
                0x0000000000000001                . = ASSERT (((__log_const_data_start__ == __log_const_data_end__) || ((__log_const_data_end__ - __FLASH1_segment_start__) <= __FLASH1_segment_size__)), error: .log_const_data is too large to fit in FLASH1 memory segment)
                0x0000000000006db8                __log_backends_load_start__ = ALIGN (__log_const_data_end__, 0x4)

.log_backends   0x0000000000006db8       0x10
                0x0000000000006db8                __log_backends_start__ = .
                0x0000000000006db8                __start_log_backends = __log_backends_start__
 *(SORT_BY_NAME(.log_backends*))
 .log_backends  0x0000000000006db8       0x10 Output/Debug/Obj/twi_sensor_pca10056/nrf_log_default_backends.o
                0x0000000000006dc8                __log_backends_end__ = (__log_backends_start__ + SIZEOF (.log_backends))
                0x0000000000000010                __log_backends_size__ = SIZEOF (.log_backends)
                0x0000000000006dc8                __stop_log_backends = __log_backends_end__
                0x0000000000006dc8                __log_backends_load_end__ = __log_backends_end__
                0x0000000000000001                . = ASSERT (((__log_backends_start__ == __log_backends_end__) || ((__log_backends_end__ - __FLASH1_segment_start__) <= __FLASH1_segment_size__)), error: .log_backends is too large to fit in FLASH1 memory segment)
                0x0000000000006dc8                __nrf_balloc_load_start__ = ALIGN (__log_backends_end__, 0x4)

.nrf_balloc     0x0000000000006dc8       0x14
                0x0000000000006dc8                __nrf_balloc_start__ = .
                0x0000000000006dc8                __start_nrf_balloc = __nrf_balloc_start__
 *(.nrf_balloc*)
 .nrf_balloc    0x0000000000006dc8       0x14 Output/Debug/Obj/twi_sensor_pca10056/nrf_log_frontend.o
                0x0000000000006dc8                log_mempool
                0x0000000000006ddc                __nrf_balloc_end__ = (__nrf_balloc_start__ + SIZEOF (.nrf_balloc))
                0x0000000000000014                __nrf_balloc_size__ = SIZEOF (.nrf_balloc)
                0x0000000000006ddc                __stop_nrf_balloc = __nrf_balloc_end__
                0x0000000000006ddc                __nrf_balloc_load_end__ = __nrf_balloc_end__
                0x0000000000000001                . = ASSERT (((__nrf_balloc_start__ == __nrf_balloc_end__) || ((__nrf_balloc_end__ - __FLASH1_segment_start__) <= __FLASH1_segment_size__)), error: .nrf_balloc is too large to fit in FLASH1 memory segment)
                0x0000000000006ddc                __nrf_sections_load_start__ = ALIGN (__nrf_balloc_end__, 0x4)

.nrf_sections   0x0000000000006ddc        0x0
                0x0000000000006ddc                __nrf_sections_start__ = .
                0x0000000000006ddc                __start_nrf_sections = __nrf_sections_start__
 *(.nrf_sections .nrf_sections.*)
                0x0000000000006ddc                __nrf_sections_end__ = (__nrf_sections_start__ + SIZEOF (.nrf_sections))
                0x0000000000000000                __nrf_sections_size__ = SIZEOF (.nrf_sections)
                0x0000000000006ddc                __nrf_sections_load_end__ = __nrf_sections_end__
                0x0000000000000001                . = ASSERT (((__nrf_sections_start__ == __nrf_sections_end__) || ((__nrf_sections_end__ - __FLASH1_segment_start__) <= __FLASH1_segment_size__)), error: .nrf_sections is too large to fit in FLASH1 memory segment)
                0x0000000000006ddc                __log_dynamic_data_load_start__ = ALIGN (__nrf_sections_end__, 0x4)

.log_dynamic_data
                0x0000000020000000        0x0 load address 0x0000000000006ddc
                0x0000000020000000                __log_dynamic_data_start__ = .
 *(SORT_BY_NAME(.log_dynamic_data*))
                0x0000000020000000                __log_dynamic_data_end__ = (__log_dynamic_data_start__ + SIZEOF (.log_dynamic_data))
                0x0000000000000000                __log_dynamic_data_size__ = SIZEOF (.log_dynamic_data)
                0x0000000000006ddc                __log_dynamic_data_load_end__ = (__log_dynamic_data_load_start__ + SIZEOF (.log_dynamic_data))
                0x0000000000000001                . = ASSERT (((__log_dynamic_data_load_start__ == __log_dynamic_data_load_end__) || ((__log_dynamic_data_load_end__ - __FLASH1_segment_start__) <= __FLASH1_segment_size__)), error: .log_dynamic_data is too large to fit in FLASH1 memory segment)

.log_dynamic_data_run
                0x0000000020000000        0x0
                0x0000000020000000                __log_dynamic_data_run_start__ = .
                0x0000000020000000                __start_log_dynamic_data = __log_dynamic_data_run_start__
                0x0000000020000000                __log_dynamic_data_run_end__ = (__log_dynamic_data_run_start__ + SIZEOF (.log_dynamic_data))
                0x0000000000000000                __log_dynamic_data_run_size__ = (__log_dynamic_data_run_end__ - __log_dynamic_data_run_start__)
                0x0000000020000000                __stop_log_dynamic_data = __log_dynamic_data_run_end__
                0x0000000020000000                __log_dynamic_data_run_load_end__ = __log_dynamic_data_run_end__
                0x0000000000000001                . = ASSERT (((__log_dynamic_data_run_start__ == __log_dynamic_data_run_end__) || ((__log_dynamic_data_run_end__ - __RAM1_segment_start__) <= __RAM1_segment_size__)), error: .log_dynamic_data_run is too large to fit in RAM1 memory segment)
                0x0000000000006ddc                __log_filter_data_load_start__ = ALIGN ((__log_dynamic_data_load_start__ + SIZEOF (.log_dynamic_data)), 0x4)

.log_filter_data
                0x0000000020000000        0x0 load address 0x0000000000006ddc
                0x0000000020000000                __log_filter_data_start__ = .
 *(SORT_BY_NAME(.log_filter_data*))
                0x0000000020000000                __log_filter_data_end__ = (__log_filter_data_start__ + SIZEOF (.log_filter_data))
                0x0000000000000000                __log_filter_data_size__ = SIZEOF (.log_filter_data)
                0x0000000000006ddc                __log_filter_data_load_end__ = (__log_filter_data_load_start__ + SIZEOF (.log_filter_data))
                0x0000000000000001                . = ASSERT (((__log_filter_data_load_start__ == __log_filter_data_load_end__) || ((__log_filter_data_load_end__ - __FLASH1_segment_start__) <= __FLASH1_segment_size__)), error: .log_filter_data is too large to fit in FLASH1 memory segment)

.log_filter_data_run
                0x0000000020000000        0x0
                0x0000000020000000                __log_filter_data_run_start__ = .
                0x0000000020000000                __start_log_filter_data = __log_filter_data_run_start__
                0x0000000020000000                __log_filter_data_run_end__ = (__log_filter_data_run_start__ + SIZEOF (.log_filter_data))
                0x0000000000000000                __log_filter_data_run_size__ = (__log_filter_data_run_end__ - __log_filter_data_run_start__)
                0x0000000020000000                __stop_log_filter_data = __log_filter_data_run_end__
                0x0000000020000000                __log_filter_data_run_load_end__ = __log_filter_data_run_end__
                0x0000000000000001                . = ASSERT (((__log_filter_data_run_start__ == __log_filter_data_run_end__) || ((__log_filter_data_run_end__ - __RAM1_segment_start__) <= __RAM1_segment_size__)), error: .log_filter_data_run is too large to fit in RAM1 memory segment)
                0x0000000020000000                __nrf_sections_run_end_load_start__ = ALIGN (__log_filter_data_run_end__, 0x4)

.nrf_sections_run_end
                0x0000000020000000        0x0
                0x0000000020000000                __nrf_sections_run_end_start__ = .
                0x0000000020000000                __end_nrf_sections_run = __nrf_sections_run_end_start__
 *(.nrf_sections_run_end .nrf_sections_run_end.*)
                0x0000000020000000                __nrf_sections_run_end_end__ = (__nrf_sections_run_end_start__ + SIZEOF (.nrf_sections_run_end))
                0x0000000000000000                __nrf_sections_run_end_size__ = SIZEOF (.nrf_sections_run_end)
                0x0000000020000000                __nrf_sections_run_end_load_end__ = __nrf_sections_run_end_end__
                0x0000000000000001                . = ASSERT (((__nrf_sections_run_end_start__ == __nrf_sections_run_end_end__) || ((__nrf_sections_run_end_end__ - __RAM1_segment_start__) <= __RAM1_segment_size__)), error: .nrf_sections_run_end is too large to fit in RAM1 memory segment)
                0x0000000000006ddc                __dtors_load_start__ = ALIGN ((__log_filter_data_load_start__ + SIZEOF (.log_filter_data)), 0x4)

.dtors          0x0000000000006ddc        0x0
                0x0000000000006ddc                __dtors_start__ = .
 *(SORT_BY_NAME(.dtors.*))
 *(.dtors)
 *(.fini_array)
 *(SORT_BY_NAME(.fini_array.*))
                0x0000000000006ddc                __dtors_end__ = (__dtors_start__ + SIZEOF (.dtors))
                0x0000000000000000                __dtors_size__ = SIZEOF (.dtors)
                0x0000000000006ddc                __dtors_load_end__ = __dtors_end__
                0x0000000000000001                . = ASSERT (((__dtors_start__ == __dtors_end__) || ((__dtors_end__ - __FLASH1_segment_start__) <= __FLASH1_segment_size__)), error: .dtors is too large to fit in FLASH1 memory segment)
                0x0000000000006ddc                __ctors_load_start__ = ALIGN (__dtors_end__, 0x4)

.ctors          0x0000000000006ddc        0x0
                0x0000000000006ddc                __ctors_start__ = .
 *(SORT_BY_NAME(.ctors.*))
 *(.ctors)
 *(.init_array)
 *(SORT_BY_NAME(.init_array.*))
                0x0000000000006ddc                __ctors_end__ = (__ctors_start__ + SIZEOF (.ctors))
                0x0000000000000000                __ctors_size__ = SIZEOF (.ctors)
                0x0000000000006ddc                __ctors_load_end__ = __ctors_end__
                0x0000000000000001                . = ASSERT (((__ctors_start__ == __ctors_end__) || ((__ctors_end__ - __FLASH1_segment_start__) <= __FLASH1_segment_size__)), error: .ctors is too large to fit in FLASH1 memory segment)
                0x0000000000006ddc                __rodata_load_start__ = ALIGN (__ctors_end__, 0x4)

.rodata         0x0000000000006ddc     0x106d
                0x0000000000006ddc                __rodata_start__ = .
 *(.rodata .rodata.* .gnu.linkonce.r.*)
 .rodata        0x0000000000006ddc       0x70 Output/Debug/Obj/twi_sensor_pca10056/nrf_log_backend_uart.o
 .rodata.nrf_log_backend_uart_api
                0x0000000000006e4c        0xc Output/Debug/Obj/twi_sensor_pca10056/nrf_log_backend_uart.o
                0x0000000000006e4c                nrf_log_backend_uart_api
 .rodata        0x0000000000006e58       0x67 Output/Debug/Obj/twi_sensor_pca10056/nrf_log_default_backends.o
 *fill*         0x0000000000006ebf        0x1 
 .rodata.m_log_push_ringbuf
                0x0000000000006ec0        0xc Output/Debug/Obj/twi_sensor_pca10056/nrf_log_frontend.o
 .rodata        0x0000000000006ecc       0x61 Output/Debug/Obj/twi_sensor_pca10056/nrf_log_frontend.o
 *fill*         0x0000000000006f2d        0x3 
 .rodata        0x0000000000006f30       0xaa Output/Debug/Obj/twi_sensor_pca10056/nrf_log_str_formatter.o
 *fill*         0x0000000000006fda        0x2 
 .rodata        0x0000000000006fdc       0x70 Output/Debug/Obj/twi_sensor_pca10056/app_error_weak.o
 .rodata        0x000000000000704c       0x49 Output/Debug/Obj/twi_sensor_pca10056/app_util_platform.o
 *fill*         0x0000000000007095        0x3 
 .rodata        0x0000000000007098       0x44 Output/Debug/Obj/twi_sensor_pca10056/nrf_balloc.o
 .rodata        0x00000000000070dc       0x3a Output/Debug/Obj/twi_sensor_pca10056/nrf_fprintf.o
 *fill*         0x0000000000007116        0x2 
 .rodata        0x0000000000007118       0x41 Output/Debug/Obj/twi_sensor_pca10056/nrf_fprintf_format.o
 *fill*         0x0000000000007159        0x3 
 .rodata._aV2C.0
                0x000000000000715c       0x10 Output/Debug/Obj/twi_sensor_pca10056/nrf_fprintf_format.o
 .rodata        0x000000000000716c       0x44 Output/Debug/Obj/twi_sensor_pca10056/nrf_memobj.o
 .rodata.m_unknown_str
                0x00000000000071b0       0x13 Output/Debug/Obj/twi_sensor_pca10056/nrf_strerror.o
 *fill*         0x00000000000071c3        0x1 
 .rodata        0x00000000000071c4      0x3bd Output/Debug/Obj/twi_sensor_pca10056/nrf_strerror.o
 *fill*         0x0000000000007581        0x3 
 .rodata.nrf_strerror_array
                0x0000000000007584      0x118 Output/Debug/Obj/twi_sensor_pca10056/nrf_strerror.o
 .rodata        0x000000000000769c       0x2e Output/Debug/Obj/twi_sensor_pca10056/nrf_drv_twi.o
 *fill*         0x00000000000076ca        0x6 
 .rodata.delay_machine_code.0
                0x00000000000076d0        0x6 Output/Debug/Obj/twi_sensor_pca10056/nrf_drv_twi.o
 *fill*         0x00000000000076d6        0x2 
 .rodata        0x00000000000076d8       0x42 Output/Debug/Obj/twi_sensor_pca10056/nrf_drv_uart.o
 *fill*         0x000000000000771a        0x2 
 .rodata        0x000000000000771c       0x47 Output/Debug/Obj/twi_sensor_pca10056/nrfx_prs.o
 *fill*         0x0000000000007763        0x1 
 .rodata        0x0000000000007764       0xa8 Output/Debug/Obj/twi_sensor_pca10056/nrfx_twim.o
 .rodata.irq_handlers.0
                0x000000000000780c        0x4 Output/Debug/Obj/twi_sensor_pca10056/nrfx_twim.o
 .rodata        0x0000000000007810       0xa8 Output/Debug/Obj/twi_sensor_pca10056/nrfx_uart.o
 .rodata.irq_handlers.0
                0x00000000000078b8        0x4 Output/Debug/Obj/twi_sensor_pca10056/nrfx_uart.o
 .rodata        0x00000000000078bc       0xa9 Output/Debug/Obj/twi_sensor_pca10056/nrfx_uarte.o
 *fill*         0x0000000000007965        0x3 
 .rodata.irq_handlers.0
                0x0000000000007968        0x4 Output/Debug/Obj/twi_sensor_pca10056/nrfx_uarte.o
 .rodata        0x000000000000796c       0xaf Output/Debug/Obj/twi_sensor_pca10056/main.o
 *fill*         0x0000000000007a1b        0x1 
 .rodata.m_twi  0x0000000000007a1c       0x10 Output/Debug/Obj/twi_sensor_pca10056/main.o
                0x0000000000007a1c                m_twi
 .rodata.m_board_btn_list
                0x0000000000007a2c        0x4 Output/Debug/Obj/twi_sensor_pca10056/main.o
 .rodata.delay_machine_code.0
                0x0000000000007a30        0x6 Output/Debug/Obj/twi_sensor_pca10056/main.o
 *fill*         0x0000000000007a36        0x2 
 .rodata.font   0x0000000000007a38       0xff Output/Debug/Obj/twi_sensor_pca10056/ssd1306oled.o
                0x0000000000007a38                font
 *fill*         0x0000000000007b37        0x1 
 .rodata.font2  0x0000000000007b38       0xdc Output/Debug/Obj/twi_sensor_pca10056/ssd1306oled.o
                0x0000000000007b38                font2
 *fill*         0x0000000000007c14        0xc 
 .rodata.delay_machine_code.0
                0x0000000000007c20        0x6 Output/Debug/Obj/twi_sensor_pca10056/ssd1306oled.o
 *fill*         0x0000000000007c26        0x2 
 .rodata.libc.__SEGGER_RTL_c_locale
                0x0000000000007c28        0xc C:/Program Files/SEGGER/SEGGER Embedded Studio for ARM 6.32a/lib/libc_v7em_fpv4_sp_d16_hard_t_le_eabi_balanced.a(mbops.o)
                0x0000000000007c28                __SEGGER_RTL_c_locale
 .rodata.libc..L.str
                0x0000000000007c34        0x2 C:/Program Files/SEGGER/SEGGER Embedded Studio for ARM 6.32a/lib/libc_v7em_fpv4_sp_d16_hard_t_le_eabi_balanced.a(mbops.o)
 *fill*         0x0000000000007c36        0x2 
 .rodata.libc.__SEGGER_RTL_codeset_ascii
                0x0000000000007c38       0x20 C:/Program Files/SEGGER/SEGGER Embedded Studio for ARM 6.32a/lib/libc_v7em_fpv4_sp_d16_hard_t_le_eabi_balanced.a(mbops.o)
                0x0000000000007c38                __SEGGER_RTL_codeset_ascii
 .rodata.libc.__SEGGER_RTL_c_locale_abbrev_day_names
                0x0000000000007c58       0x1d C:/Program Files/SEGGER/SEGGER Embedded Studio for ARM 6.32a/lib/libc_v7em_fpv4_sp_d16_hard_t_le_eabi_balanced.a(mbops.o)
                0x0000000000007c58                __SEGGER_RTL_c_locale_abbrev_day_names
 .rodata.libc.__SEGGER_RTL_c_locale_abbrev_month_names
                0x0000000000007c75       0x31 C:/Program Files/SEGGER/SEGGER Embedded Studio for ARM 6.32a/lib/libc_v7em_fpv4_sp_d16_hard_t_le_eabi_balanced.a(mbops.o)
                0x0000000000007c75                __SEGGER_RTL_c_locale_abbrev_month_names
 .rodata.libc.__SEGGER_RTL_data_utf8_period
                0x0000000000007ca6        0x2 C:/Program Files/SEGGER/SEGGER Embedded Studio for ARM 6.32a/lib/libc_v7em_fpv4_sp_d16_hard_t_le_eabi_balanced.a(mbops.o)
                0x0000000000007ca6                __SEGGER_RTL_data_utf8_period
 .rodata.libc.__SEGGER_RTL_data_empty_string
                0x0000000000007ca8        0x1 C:/Program Files/SEGGER/SEGGER Embedded Studio for ARM 6.32a/lib/libc_v7em_fpv4_sp_d16_hard_t_le_eabi_balanced.a(mbops.o)
                0x0000000000007ca8                __SEGGER_RTL_data_empty_string
 .rodata.libc.__SEGGER_RTL_c_locale_day_names
                0x0000000000007ca9       0x3a C:/Program Files/SEGGER/SEGGER Embedded Studio for ARM 6.32a/lib/libc_v7em_fpv4_sp_d16_hard_t_le_eabi_balanced.a(mbops.o)
 .rodata.libc.__SEGGER_RTL_c_locale_month_names
                0x0000000000007ce3       0x57 C:/Program Files/SEGGER/SEGGER Embedded Studio for ARM 6.32a/lib/libc_v7em_fpv4_sp_d16_hard_t_le_eabi_balanced.a(mbops.o)
 .rodata.libc.__SEGGER_RTL_c_locale_am_pm_indicator
                0x0000000000007d3a        0x7 C:/Program Files/SEGGER/SEGGER Embedded Studio for ARM 6.32a/lib/libc_v7em_fpv4_sp_d16_hard_t_le_eabi_balanced.a(mbops.o)
 .rodata.libc.__SEGGER_RTL_c_locale_date_format
                0x0000000000007d41        0x9 C:/Program Files/SEGGER/SEGGER Embedded Studio for ARM 6.32a/lib/libc_v7em_fpv4_sp_d16_hard_t_le_eabi_balanced.a(mbops.o)
 .rodata.libc.__SEGGER_RTL_c_locale_time_format
                0x0000000000007d4a        0x9 C:/Program Files/SEGGER/SEGGER Embedded Studio for ARM 6.32a/lib/libc_v7em_fpv4_sp_d16_hard_t_le_eabi_balanced.a(mbops.o)
 .rodata.libc.__SEGGER_RTL_c_locale_date_time_format
                0x0000000000007d53        0xf C:/Program Files/SEGGER/SEGGER Embedded Studio for ARM 6.32a/lib/libc_v7em_fpv4_sp_d16_hard_t_le_eabi_balanced.a(mbops.o)
 *fill*         0x0000000000007d62        0x2 
 .rodata.libc.__SEGGER_RTL_c_locale_data
                0x0000000000007d64       0x58 C:/Program Files/SEGGER/SEGGER Embedded Studio for ARM 6.32a/lib/libc_v7em_fpv4_sp_d16_hard_t_le_eabi_balanced.a(mbops.o)
                0x0000000000007d64                __SEGGER_RTL_c_locale_data
 .rodata.libc.__SEGGER_RTL_ascii_ctype_map
                0x0000000000007dbc       0x80 C:/Program Files/SEGGER/SEGGER Embedded Studio for ARM 6.32a/lib/libc_v7em_fpv4_sp_d16_hard_t_le_eabi_balanced.a(mbops.o)
 .rodata.libc.__SEGGER_RTL_ascii_ctype_mask
                0x0000000000007e3c        0xd C:/Program Files/SEGGER/SEGGER Embedded Studio for ARM 6.32a/lib/libc_v7em_fpv4_sp_d16_hard_t_le_eabi_balanced.a(mbops.o)
                0x0000000000007e49                __rodata_end__ = (__rodata_start__ + SIZEOF (.rodata))
                0x000000000000106d                __rodata_size__ = SIZEOF (.rodata)
                0x0000000000007e49                __rodata_load_end__ = __rodata_end__

.rel.dyn        0x0000000000007e4c        0x0
 .rel.iplt      0x0000000000007e4c        0x0 Output/Debug/Obj/twi_sensor_pca10056/thumb_crt0.o
                0x0000000000000001                . = ASSERT (((__rodata_start__ == __rodata_end__) || ((__rodata_end__ - __FLASH1_segment_start__) <= __FLASH1_segment_size__)), error: .rodata is too large to fit in FLASH1 memory segment)
                0x0000000000007e4c                __ARM.exidx_load_start__ = ALIGN (__rodata_end__, 0x4)

.ARM.exidx      0x0000000000007e4c        0x0
                0x0000000000007e4c                __ARM.exidx_start__ = .
                0x0000000000007e4c                __exidx_start = __ARM.exidx_start__
 *(.ARM.exidx .ARM.exidx.*)
                0x0000000000007e4c                __ARM.exidx_end__ = (__ARM.exidx_start__ + SIZEOF (.ARM.exidx))
                0x0000000000000000                __ARM.exidx_size__ = SIZEOF (.ARM.exidx)
                0x0000000000007e4c                __exidx_end = __ARM.exidx_end__
                0x0000000000007e4c                __ARM.exidx_load_end__ = __ARM.exidx_end__
                0x0000000000000001                . = ASSERT (((__ARM.exidx_start__ == __ARM.exidx_end__) || ((__ARM.exidx_end__ - __FLASH1_segment_start__) <= __FLASH1_segment_size__)), error: .ARM.exidx is too large to fit in FLASH1 memory segment)
                0x0000000000007e4c                __fast_load_start__ = ALIGN (__ARM.exidx_end__, 0x4)

.fast           0x0000000020000000        0x0 load address 0x0000000000007e4c
                0x0000000020000000                __fast_start__ = .
 *(.fast .fast.*)
                0x0000000020000000                __fast_end__ = (__fast_start__ + SIZEOF (.fast))
                0x0000000000000000                __fast_size__ = SIZEOF (.fast)
                0x0000000000007e4c                __fast_load_end__ = (__fast_load_start__ + SIZEOF (.fast))
                0x0000000000000001                . = ASSERT (((__fast_load_start__ == __fast_load_end__) || ((__fast_load_end__ - __FLASH1_segment_start__) <= __FLASH1_segment_size__)), error: .fast is too large to fit in FLASH1 memory segment)

.fast_run       0x0000000020000000        0x0
                0x0000000020000000                __fast_run_start__ = .
                0x0000000020000000                __fast_run_end__ = (__fast_run_start__ + SIZEOF (.fast))
                0x0000000000000000                __fast_run_size__ = (__fast_run_end__ - __fast_run_start__)
                0x0000000020000000                __fast_run_load_end__ = __fast_run_end__
                0x0000000000000001                . = ASSERT (((__fast_run_start__ == __fast_run_end__) || ((__fast_run_end__ - __RAM1_segment_start__) <= __RAM1_segment_size__)), error: .fast_run is too large to fit in RAM1 memory segment)
                0x0000000000007e4c                __data_load_start__ = ALIGN ((__fast_load_start__ + SIZEOF (.fast)), 0x4)

.data           0x0000000020000000      0x274 load address 0x0000000000007e4c
                0x0000000020000000                __data_start__ = .
 *(.data .data.* .gnu.linkonce.d.*)
 .data.m_uart   0x0000000020000000       0x14 Output/Debug/Obj/twi_sensor_pca10056/nrf_log_backend_uart.o
                0x0000000020000000                m_uart
 .data.log_backend_cb_uart_log_backend
                0x0000000020000014        0x8 Output/Debug/Obj/twi_sensor_pca10056/nrf_log_default_backends.o
 .data.m_buffer_mask
                0x000000002000001c        0x4 Output/Debug/Obj/twi_sensor_pca10056/nrf_log_frontend.o
 .data.severity_names
                0x0000000020000020       0x14 Output/Debug/Obj/twi_sensor_pca10056/nrf_log_str_formatter.o
 .data.m_colors
                0x0000000020000034       0x24 Output/Debug/Obj/twi_sensor_pca10056/nrf_log_str_formatter.o
 .data.wrap     0x0000000020000058        0x1 Output/Debug/Obj/twi_sensor_pca10056/ssd1306oled.o
                0x0000000020000058                wrap
 *fill*         0x0000000020000059        0x3 
 .data.ssd1306_buffer
                0x000000002000005c      0x200 Output/Debug/Obj/twi_sensor_pca10056/ssd1306oled.o
 .data.SystemCoreClock
                0x000000002000025c        0x4 Output/Debug/Obj/twi_sensor_pca10056/system_nrf52840.o
                0x000000002000025c                SystemCoreClock
 .data.libc.__SEGGER_RTL_global_locale
                0x0000000020000260       0x14 C:/Program Files/SEGGER/SEGGER Embedded Studio for ARM 6.32a/lib/libc_v7em_fpv4_sp_d16_hard_t_le_eabi_balanced.a(mbops.o)
                0x0000000020000260                __SEGGER_RTL_global_locale
                0x0000000020000260                __RAL_global_locale
                0x0000000020000274                __data_end__ = (__data_start__ + SIZEOF (.data))
                0x0000000000000274                __data_size__ = SIZEOF (.data)
                0x00000000000080c0                __data_load_end__ = (__data_load_start__ + SIZEOF (.data))

.igot.plt       0x0000000100000000        0x0
 .igot.plt      0x0000000100000000        0x0 Output/Debug/Obj/twi_sensor_pca10056/thumb_crt0.o
                0x0000000000000001                . = ASSERT (((__data_load_start__ == __data_load_end__) || ((__data_load_end__ - __FLASH1_segment_start__) <= __FLASH1_segment_size__)), error: .data is too large to fit in FLASH1 memory segment)

.data_run       0x0000000020000000        0x0
                0x0000000020000000                __data_run_start__ = .
                0x0000000020000274                __data_run_end__ = (__data_run_start__ + SIZEOF (.data))
                0x0000000000000274                __data_run_size__ = (__data_run_end__ - __data_run_start__)
                0x0000000020000274                __data_run_load_end__ = __data_run_end__
                0x0000000000000001                . = ASSERT (((__data_run_start__ == __data_run_end__) || ((__data_run_end__ - __RAM1_segment_start__) <= __RAM1_segment_size__)), error: .data_run is too large to fit in RAM1 memory segment)
                0x00000000000080c0                __tdata_load_start__ = ALIGN ((__data_load_start__ + SIZEOF (.data)), 0x4)

.tdata          0x0000000020000274        0x0 load address 0x00000000000080c0
                0x0000000020000274                __tdata_start__ = .
 *(.tdata .tdata.*)
                0x0000000020000274                __tdata_end__ = (__tdata_start__ + SIZEOF (.tdata))
                0x0000000000000000                __tdata_size__ = SIZEOF (.tdata)
                0x00000000000080c0                __tdata_load_end__ = (__tdata_load_start__ + SIZEOF (.tdata))
                0x00000000000080c0                __FLASH1_segment_used_end__ = (ALIGN ((__data_load_start__ + SIZEOF (.data)), 0x4) + SIZEOF (.tdata))
                0x00000000000080c0                __FLASH1_segment_used_size__ = (__FLASH1_segment_used_end__ - __FLASH1_segment_start__)
                0x0000000000000001                . = ASSERT (((__tdata_load_start__ == __tdata_load_end__) || ((__tdata_load_end__ - __FLASH1_segment_start__) <= __FLASH1_segment_size__)), error: .tdata is too large to fit in FLASH1 memory segment)

.tdata_run      0x0000000020000274        0x0
                0x0000000020000274                __tdata_run_start__ = .
                0x0000000020000274                __tdata_run_end__ = (__tdata_run_start__ + SIZEOF (.tdata))
                0x0000000000000000                __tdata_run_size__ = (__tdata_run_end__ - __tdata_run_start__)
                0x0000000020000274                __tdata_run_load_end__ = __tdata_run_end__
                0x0000000000000001                . = ASSERT (((__tdata_run_start__ == __tdata_run_end__) || ((__tdata_run_end__ - __RAM1_segment_start__) <= __RAM1_segment_size__)), error: .tdata_run is too large to fit in RAM1 memory segment)
                0x0000000020000274                __bss_load_start__ = ALIGN (__tdata_run_end__, 0x4)

.bss            0x0000000020000274      0x6c8
                0x0000000020000274                __bss_start__ = .
 *(.bss .bss.* .gnu.linkonce.b.*)
 .bss.m_string_buff
                0x0000000020000274       0x40 Output/Debug/Obj/twi_sensor_pca10056/nrf_log_backend_uart.o
 .bss.m_xfer_done
                0x00000000200002b4        0x1 Output/Debug/Obj/twi_sensor_pca10056/nrf_log_backend_uart.o
 .bss.m_async_mode
                0x00000000200002b5        0x1 Output/Debug/Obj/twi_sensor_pca10056/nrf_log_backend_uart.o
 *fill*         0x00000000200002b6        0x2 
 .bss.log_mempool_nrf_balloc_pool_stack
                0x00000000200002b8        0x8 Output/Debug/Obj/twi_sensor_pca10056/nrf_log_frontend.o
 .bss.log_mempool_nrf_balloc_pool_mem
                0x00000000200002c0       0xc0 Output/Debug/Obj/twi_sensor_pca10056/nrf_log_frontend.o
 .bss.log_mempool_nrf_balloc_cb
                0x0000000020000380        0x8 Output/Debug/Obj/twi_sensor_pca10056/nrf_log_frontend.o
 .bss.m_log_push_ringbuf_buf
                0x0000000020000388       0x80 Output/Debug/Obj/twi_sensor_pca10056/nrf_log_frontend.o
 .bss.m_log_push_ringbuf_cb
                0x0000000020000408       0x18 Output/Debug/Obj/twi_sensor_pca10056/nrf_log_frontend.o
 .bss.m_log_data
                0x0000000020000420      0x420 Output/Debug/Obj/twi_sensor_pca10056/nrf_log_frontend.o
 .bss.m_error_data.0
                0x0000000020000840       0x20 Output/Debug/Obj/twi_sensor_pca10056/app_error.o
 .bss.m_in_critical_region
                0x0000000020000860        0x4 Output/Debug/Obj/twi_sensor_pca10056/app_util_platform.o
 .bss.m_handlers
                0x0000000020000864        0x8 Output/Debug/Obj/twi_sensor_pca10056/nrf_drv_twi.o
 .bss.m_contexts
                0x000000002000086c        0x8 Output/Debug/Obj/twi_sensor_pca10056/nrf_drv_twi.o
 .bss.m_handlers
                0x0000000020000874        0x8 Output/Debug/Obj/twi_sensor_pca10056/nrf_drv_uart.o
 .bss.m_contexts
                0x000000002000087c        0x8 Output/Debug/Obj/twi_sensor_pca10056/nrf_drv_uart.o
 .bss.nrf_drv_uart_use_easy_dma
                0x0000000020000884        0x2 Output/Debug/Obj/twi_sensor_pca10056/nrf_drv_uart.o
                0x0000000020000884                nrf_drv_uart_use_easy_dma
 *fill*         0x0000000020000886        0x2 
 .bss.m_prs_box_4
                0x0000000020000888        0x8 Output/Debug/Obj/twi_sensor_pca10056/nrfx_prs.o
 .bss.m_cb      0x0000000020000890       0x34 Output/Debug/Obj/twi_sensor_pca10056/nrfx_twim.o
 .bss.m_cb      0x00000000200008c4       0x2c Output/Debug/Obj/twi_sensor_pca10056/nrfx_uart.o
 .bss.m_cb      0x00000000200008f0       0x24 Output/Debug/Obj/twi_sensor_pca10056/nrfx_uarte.o
 .bss.millis    0x0000000020000914        0x2 Output/Debug/Obj/twi_sensor_pca10056/main.o
                0x0000000020000914                millis
 *fill*         0x0000000020000916        0x2 
 .bss.count     0x0000000020000918        0x4 Output/Debug/Obj/twi_sensor_pca10056/main.o
                0x0000000020000918                count
 .bss.button_value_current
                0x000000002000091c        0x4 Output/Debug/Obj/twi_sensor_pca10056/main.o
                0x000000002000091c                button_value_current
 .bss.button_value_old
                0x0000000020000920        0x4 Output/Debug/Obj/twi_sensor_pca10056/main.o
                0x0000000020000920                button_value_old
 .bss.button_state_changed
                0x0000000020000924        0x4 Output/Debug/Obj/twi_sensor_pca10056/main.o
                0x0000000020000924                button_state_changed
 .bss.button_state
                0x0000000020000928        0x4 Output/Debug/Obj/twi_sensor_pca10056/main.o
                0x0000000020000928                button_state
 .bss._i2caddr  0x000000002000092c        0x1 Output/Debug/Obj/twi_sensor_pca10056/ssd1306oled.o
                0x000000002000092c                _i2caddr
 .bss._vccstate
                0x000000002000092d        0x1 Output/Debug/Obj/twi_sensor_pca10056/ssd1306oled.o
                0x000000002000092d                _vccstate
 .bss.x_pos     0x000000002000092e        0x1 Output/Debug/Obj/twi_sensor_pca10056/ssd1306oled.o
                0x000000002000092e                x_pos
 .bss.y_pos     0x000000002000092f        0x1 Output/Debug/Obj/twi_sensor_pca10056/ssd1306oled.o
                0x000000002000092f                y_pos
 .bss.text_size
                0x0000000020000930        0x1 Output/Debug/Obj/twi_sensor_pca10056/ssd1306oled.o
                0x0000000020000930                text_size
 *fill*         0x0000000020000931        0x3 
 .bss.libc.__SEGGER_RTL_locale_ptr
                0x0000000020000934        0x4 C:/Program Files/SEGGER/SEGGER Embedded Studio for ARM 6.32a/lib/libc_v7em_fpv4_sp_d16_hard_t_le_eabi_balanced.a(mbops.o)
                0x0000000020000934                __SEGGER_RTL_locale_ptr
 .bss.__SEGGER_RTL_heap_globals
                0x0000000020000938        0x4 C:/Program Files/SEGGER/SEGGER Embedded Studio for ARM 6.32a/lib/heapops_basic_v7em_little.a(heapops_basic.o)
 *(COMMON)
                0x000000002000093c                __bss_end__ = (__bss_start__ + SIZEOF (.bss))
                0x00000000000006c8                __bss_size__ = SIZEOF (.bss)
                0x000000002000093c                __bss_load_end__ = __bss_end__
                0x0000000000000001                . = ASSERT (((__bss_start__ == __bss_end__) || ((__bss_end__ - __RAM1_segment_start__) <= __RAM1_segment_size__)), error: .bss is too large to fit in RAM1 memory segment)
                0x000000002000093c                __tbss_load_start__ = ALIGN (__bss_end__, 0x4)

.tbss           0x000000002000093c        0x0
                0x000000002000093c                __tbss_start__ = .
 *(.tbss .tbss.*)
                0x000000002000093c                __tbss_end__ = (__tbss_start__ + SIZEOF (.tbss))
                0x0000000000000000                __tbss_size__ = SIZEOF (.tbss)
                0x000000002000093c                __tbss_load_end__ = __tbss_end__
                0x0000000000000001                . = ASSERT (((__tbss_start__ == __tbss_end__) || ((__tbss_end__ - __RAM1_segment_start__) <= __RAM1_segment_size__)), error: .tbss is too large to fit in RAM1 memory segment)
                0x000000002000093c                __non_init_load_start__ = ALIGN (__tbss_end__, 0x4)

.non_init       0x000000002000093c        0x0
                0x000000002000093c                __non_init_start__ = .
 *(.non_init .non_init.*)
                0x000000002000093c                __non_init_end__ = (__non_init_start__ + SIZEOF (.non_init))
                0x0000000000000000                __non_init_size__ = SIZEOF (.non_init)
                0x000000002000093c                __non_init_load_end__ = __non_init_end__
                0x0000000000000001                . = ASSERT (((__non_init_start__ == __non_init_end__) || ((__non_init_end__ - __RAM1_segment_start__) <= __RAM1_segment_size__)), error: .non_init is too large to fit in RAM1 memory segment)
                0x000000002000093c                __heap_load_start__ = ALIGN (__non_init_end__, 0x4)

.heap           0x000000002000093c     0x2000
                0x000000002000093c                __heap_start__ = .
 *(.heap .heap.*)
                0x000000002000293c                . = ALIGN (MAX ((__heap_start__ + __HEAPSIZE__), .), 0x4)
 *fill*         0x000000002000093c     0x2000 
                0x000000002000293c                __heap_end__ = (__heap_start__ + SIZEOF (.heap))
                0x0000000000002000                __heap_size__ = SIZEOF (.heap)
                0x000000002000293c                __heap_load_end__ = __heap_end__
                0x0000000000000001                . = ASSERT (((__heap_start__ == __heap_end__) || ((__heap_end__ - __RAM1_segment_start__) <= __RAM1_segment_size__)), error: .heap is too large to fit in RAM1 memory segment)